node_modules/@types/react-native/index.d.ts(110,9): error TS2403: Subsequent variable declarations must have the same type.  Variable 'require' must be of type 'Require', but here has type 'NodeRequire'.
node_modules/@types/react-native/index.d.ts(143,11): error TS2451: Cannot redeclare block-scoped variable 'originalXMLHttpRequest'.
node_modules/@types/react-native/index.d.ts(145,11): error TS2451: Cannot redeclare block-scoped variable '__BUNDLE_START_TIME__'.
node_modules/@types/react-native/index.d.ts(146,11): error TS2451: Cannot redeclare block-scoped variable 'ErrorUtils'.
node_modules/@types/react-native/index.d.ts(153,11): error TS2451: Cannot redeclare block-scoped variable '__DEV__'.
node_modules/@types/react-native/index.d.ts(155,11): error TS2451: Cannot redeclare block-scoped variable 'HermesInternal'.
node_modules/@types/react-native/Libraries/Lists/SectionList.d.ts(47,18): error TS2430: Interface 'SectionListProps<ItemT, SectionT>' incorrectly extends interface 'VirtualizedListWithoutRenderItemProps<ItemT>'.
  Types of property 'renderScrollComponent' are incompatible.
    Type '(props: import("/Users/sebastianfernandezconde/Documents/proyectoSistemas2/GymSync/equipo03/node_modules/@types/react-native/Libraries/Components/ScrollView/ScrollView").ScrollViewProps) => React.ReactElement<...>' is not assignable to type '(props: import("/Users/sebastianfernandezconde/Documents/proyectoSistemas2/GymSync/equipo03/node_modules/react-native/Libraries/Components/ScrollView/ScrollView").ScrollViewProps) => React.ReactElement<...>'.
      Types of parameters 'props' and 'props' are incompatible.
        Type 'import("/Users/sebastianfernandezconde/Documents/proyectoSistemas2/GymSync/equipo03/node_modules/react-native/Libraries/Components/ScrollView/ScrollView").ScrollViewProps' is not assignable to type 'import("/Users/sebastianfernandezconde/Documents/proyectoSistemas2/GymSync/equipo03/node_modules/@types/react-native/Libraries/Components/ScrollView/ScrollView").ScrollViewProps'.
          Types of property 'contentContainerStyle' are incompatible.
            Type 'import("/Users/sebastianfernandezconde/Documents/proyectoSistemas2/GymSync/equipo03/node_modules/react-native/Libraries/StyleSheet/StyleSheet").StyleProp<import("/Users/sebastianfernandezconde/Documents/proyectoSistemas2/GymSync/equipo03/node_modules/react-native/Libraries/StyleSheet/StyleSheetTypes").ViewStyle>' is not assignable to type 'import("/Users/sebastianfernandezconde/Documents/proyectoSistemas2/GymSync/equipo03/node_modules/@types/react-native/Libraries/StyleSheet/StyleSheet").StyleProp<import("/Users/sebastianfernandezconde/Documents/proyectoSistemas2/GymSync/equipo03/node_modules/@types/react-native/Libraries/StyleSheet/StyleSheetTypes")....'.
              Type '""' is not assignable to type 'StyleProp<ViewStyle>'.
node_modules/@types/react-native/modules/BatchedBridge.d.ts(8,15): error TS2300: Duplicate identifier 'MessageQueue'.
node_modules/@types/react-native/modules/BatchedBridge.d.ts(18,20): error TS2300: Duplicate identifier 'BatchedBridge'.
node_modules/@types/react-native/modules/BatchedBridge.d.ts(22,20): error TS2300: Duplicate identifier 'MessageQueue'.
node_modules/@types/react-native/modules/Codegen.d.ts(1,1): error TS6200: Definitions of the following identifiers conflict with those in another file: codegenNativeCommands, NativeComponentType, codegenNativeComponent, BubblingEventHandler, DirectEventHandler, Double, Float, Int32, UnsafeObject, DefaultTypes, WithDefault
node_modules/@types/react-native/modules/Devtools.d.ts(2,17): error TS2300: Duplicate identifier 'StackFrame'.
node_modules/@types/react-native/modules/globals.d.ts(10,1): error TS6200: Definitions of the following identifiers conflict with those in another file: FormDataValue, FormDataPart, BodyInit_, HeadersInit_, RequestCredentials_, RequestMode_, ResponseType_, WebsocketMessageEventListener, WebsocketErrorEventListener, WebsocketOpenEventListener, WebsocketCloseEventListener, WebsocketEventListener
node_modules/@types/react-native/modules/globals.d.ts(69,13): error TS2403: Subsequent variable declarations must have the same type.  Variable 'Blob' must be of type '{ new (blobParts?: BlobPart[], options?: BlobPropertyBag): Blob; prototype: Blob; }', but here has type '{ new (blobParts?: (string | Blob)[], options?: BlobOptions): Blob; prototype: Blob; }'.
node_modules/@types/react-native/modules/globals.d.ts(90,15): error TS2300: Duplicate identifier 'FormData'.
node_modules/@types/react-native/modules/globals.d.ts(114,13): error TS2403: Subsequent variable declarations must have the same type.  Variable 'Headers' must be of type '{ new (init?: HeadersInit): Headers; prototype: Headers; }', but here has type '{ new (init?: HeadersInit_): Headers; prototype: Headers; }'.
node_modules/@types/react-native/modules/globals.d.ts(126,5): error TS2374: Duplicate index signature for type 'string'.
node_modules/@types/react-native/modules/globals.d.ts(148,5): error TS2717: Subsequent property declarations must have the same type.  Property 'body' must be of type 'BodyInit', but here has type 'BodyInit_'.
node_modules/@types/react-native/modules/globals.d.ts(150,5): error TS2717: Subsequent property declarations must have the same type.  Property 'headers' must be of type 'HeadersInit', but here has type 'HeadersInit_'.
node_modules/@types/react-native/modules/globals.d.ts(156,5): error TS2717: Subsequent property declarations must have the same type.  Property 'window' must be of type 'null', but here has type 'any'.
node_modules/@types/react-native/modules/globals.d.ts(170,13): error TS2403: Subsequent variable declarations must have the same type.  Variable 'Request' must be of type '{ new (input: RequestInfo | URL, init?: RequestInit): Request; prototype: Request; }', but here has type '{ new (input: string | Request, init?: RequestInit): Request; prototype: Request; }'.
node_modules/@types/react-native/modules/globals.d.ts(175,14): error TS2300: Duplicate identifier 'RequestInfo'.
node_modules/@types/react-native/modules/globals.d.ts(178,5): error TS2717: Subsequent property declarations must have the same type.  Property 'headers' must be of type 'HeadersInit', but here has type 'HeadersInit_'.
node_modules/@types/react-native/modules/globals.d.ts(194,13): error TS2403: Subsequent variable declarations must have the same type.  Variable 'Response' must be of type '{ new (body?: BodyInit, init?: ResponseInit): Response; prototype: Response; error(): Response; json(data: any, init?: ResponseInit): Response; redirect(url: string | URL, status?: number): Response; }', but here has type '{ new (body?: BodyInit_, init?: ResponseInit): Response; prototype: Response; error: () => Response; redirect: (url: string, status?: number) => Response; }'.
node_modules/@types/react-native/modules/globals.d.ts(283,5): error TS2717: Subsequent property declarations must have the same type.  Property 'abort' must be of type 'ProgressEvent<XMLHttpRequestEventTarget>', but here has type 'ProgressEvent<EventTarget>'.
node_modules/@types/react-native/modules/globals.d.ts(284,5): error TS2717: Subsequent property declarations must have the same type.  Property 'error' must be of type 'ProgressEvent<XMLHttpRequestEventTarget>', but here has type 'ProgressEvent<EventTarget>'.
node_modules/@types/react-native/modules/globals.d.ts(285,5): error TS2717: Subsequent property declarations must have the same type.  Property 'load' must be of type 'ProgressEvent<XMLHttpRequestEventTarget>', but here has type 'ProgressEvent<EventTarget>'.
node_modules/@types/react-native/modules/globals.d.ts(286,5): error TS2717: Subsequent property declarations must have the same type.  Property 'loadend' must be of type 'ProgressEvent<XMLHttpRequestEventTarget>', but here has type 'ProgressEvent<EventTarget>'.
node_modules/@types/react-native/modules/globals.d.ts(287,5): error TS2717: Subsequent property declarations must have the same type.  Property 'loadstart' must be of type 'ProgressEvent<XMLHttpRequestEventTarget>', but here has type 'ProgressEvent<EventTarget>'.
node_modules/@types/react-native/modules/globals.d.ts(288,5): error TS2717: Subsequent property declarations must have the same type.  Property 'progress' must be of type 'ProgressEvent<XMLHttpRequestEventTarget>', but here has type 'ProgressEvent<EventTarget>'.
node_modules/@types/react-native/modules/globals.d.ts(289,5): error TS2717: Subsequent property declarations must have the same type.  Property 'timeout' must be of type 'ProgressEvent<XMLHttpRequestEventTarget>', but here has type 'ProgressEvent<EventTarget>'.
node_modules/@types/react-native/modules/globals.d.ts(342,14): error TS2300: Duplicate identifier 'XMLHttpRequestResponseType'.
node_modules/@types/react-native/modules/globals.d.ts(355,15): error TS2300: Duplicate identifier 'URL'.
node_modules/@types/react-native/modules/globals.d.ts(380,15): error TS2300: Duplicate identifier 'URLSearchParams'.
node_modules/@types/react-native/modules/globals.d.ts(439,5): error TS2717: Subsequent property declarations must have the same type.  Property 'onopen' must be of type '(this: WebSocket, ev: Event) => any', but here has type '() => void'.
node_modules/@types/react-native/modules/globals.d.ts(440,5): error TS2717: Subsequent property declarations must have the same type.  Property 'onmessage' must be of type '(this: WebSocket, ev: MessageEvent<any>) => any', but here has type '(event: WebSocketMessageEvent) => void'.
node_modules/@types/react-native/modules/globals.d.ts(441,5): error TS2717: Subsequent property declarations must have the same type.  Property 'onerror' must be of type '(this: WebSocket, ev: Event) => any', but here has type '(event: WebSocketErrorEvent) => void'.
node_modules/@types/react-native/modules/globals.d.ts(442,5): error TS2717: Subsequent property declarations must have the same type.  Property 'onclose' must be of type '(this: WebSocket, ev: CloseEvent) => any', but here has type '(event: WebSocketCloseEvent) => void'.
node_modules/@types/react-native/modules/globals.d.ts(443,5): error TS2717: Subsequent property declarations must have the same type.  Property 'addEventListener' must be of type '{ <K extends keyof WebSocketEventMap>(type: K, listener: (this: WebSocket, ev: WebSocketEventMap[K]) => any, options?: boolean | AddEventListenerOptions): void; (type: string, listener: EventListenerOrEventListenerObject, options?: boolean | AddEventListenerOptions): void; }', but here has type 'WebsocketEventListener'.
node_modules/@types/react-native/modules/globals.d.ts(444,5): error TS2717: Subsequent property declarations must have the same type.  Property 'removeEventListener' must be of type '{ <K extends keyof WebSocketEventMap>(type: K, listener: (this: WebSocket, ev: WebSocketEventMap[K]) => any, options?: boolean | EventListenerOptions): void; (type: string, listener: EventListenerOrEventListenerObject, options?: boolean | EventListenerOptions): void; }', but here has type 'WebsocketEventListener'.
node_modules/@types/react-native/modules/globals.d.ts(447,13): error TS2403: Subsequent variable declarations must have the same type.  Variable 'WebSocket' must be of type '{ new (url: string | URL, protocols?: string | string[]): WebSocket; prototype: WebSocket; readonly CONNECTING: 0; readonly OPEN: 1; readonly CLOSING: 2; readonly CLOSED: 3; }', but here has type '{ new (uri: string, protocols?: string | string[], options?: { [optionName: string]: any; headers: { [headerName: string]: string; }; }): WebSocket; prototype: WebSocket; readonly CLOSED: number; readonly CLOSING: number; readonly CONNECTING: number; readonly OPEN: number; }'.
node_modules/@types/react-native/modules/globals.d.ts(471,15): error TS2300: Duplicate identifier 'AbortSignal'.
node_modules/@types/react-native/modules/globals.d.ts(471,15): error TS2420: Class 'AbortSignal' incorrectly implements interface 'EventTarget'.
  Property 'dispatchEvent' is missing in type 'AbortSignal' but required in type 'EventTarget'.
node_modules/@types/react-native/modules/globals.d.ts(506,15): error TS2300: Duplicate identifier 'AbortController'.
node_modules/@types/react-native/modules/globals.d.ts(531,14): error TS2717: Subsequent property declarations must have the same type.  Property 'error' must be of type 'DOMException', but here has type 'Error'.
node_modules/@types/react-native/modules/globals.d.ts(540,14): error TS2717: Subsequent property declarations must have the same type.  Property 'readyState' must be of type '0 | 2 | 1', but here has type 'number'.
node_modules/@types/react/global.d.ts(156,11): error TS2300: Duplicate identifier 'FormData'.
node_modules/react-native/src/types/globals.d.ts(10,1): error TS6200: Definitions of the following identifiers conflict with those in another file: EndingType, BlobPart, BufferSource, FormData, RequestInfo, XMLHttpRequestResponseType, AbortSignal, AbortController
node_modules/react-native/src/types/globals.d.ts(10,1): error TS6200: Definitions of the following identifiers conflict with those in another file: FormDataValue, FormDataPart, BodyInit_, HeadersInit_, RequestCredentials_, RequestMode_, ResponseType_, WebsocketMessageEventListener, WebsocketErrorEventListener, WebsocketOpenEventListener, WebsocketCloseEventListener, WebsocketEventListener
node_modules/react-native/src/types/globals.d.ts(17,7): error TS2403: Subsequent variable declarations must have the same type.  Variable 'require' must be of type 'Require', but here has type 'NodeRequire'.
node_modules/react-native/src/types/globals.d.ts(46,9): error TS2451: Cannot redeclare block-scoped variable 'originalXMLHttpRequest'.
node_modules/react-native/src/types/globals.d.ts(48,9): error TS2451: Cannot redeclare block-scoped variable '__BUNDLE_START_TIME__'.
node_modules/react-native/src/types/globals.d.ts(49,9): error TS2451: Cannot redeclare block-scoped variable 'ErrorUtils'.
node_modules/react-native/src/types/globals.d.ts(56,9): error TS2451: Cannot redeclare block-scoped variable '__DEV__'.
node_modules/react-native/src/types/globals.d.ts(58,9): error TS2451: Cannot redeclare block-scoped variable 'HermesInternal'.
node_modules/react-native/src/types/globals.d.ts(166,7): error TS2403: Subsequent variable declarations must have the same type.  Variable 'Blob' must be of type '{ new (blobParts?: BlobPart[], options?: BlobPropertyBag): Blob; prototype: Blob; }', but here has type '{ new (blobParts?: (string | Blob)[], options?: BlobOptions): Blob; prototype: Blob; }'.
node_modules/react-native/src/types/globals.d.ts(180,7): error TS2403: Subsequent variable declarations must have the same type.  Variable 'File' must be of type '{ new (fileBits: BlobPart[], fileName: string, options?: FilePropertyBag): File; prototype: File; }', but here has type '{ new (fileParts: BlobPart[], name: string, options?: FilePropertyBag): File; prototype: File; }'.
node_modules/react-native/src/types/globals.d.ts(266,5): error TS2717: Subsequent property declarations must have the same type.  Property 'body' must be of type 'BodyInit', but here has type 'BodyInit_'.
node_modules/react-native/src/types/globals.d.ts(275,5): error TS2717: Subsequent property declarations must have the same type.  Property 'signal' must be of type 'AbortSignal', but here has type 'AbortSignal'.
node_modules/react-native/src/types/globals.d.ts(285,14): error TS2717: Subsequent property declarations must have the same type.  Property 'signal' must be of type 'AbortSignal', but here has type 'AbortSignal'.
node_modules/react-native/src/types/globals.d.ts(289,7): error TS2403: Subsequent variable declarations must have the same type.  Variable 'Request' must be of type '{ new (input: RequestInfo | URL, init?: RequestInit): Request; prototype: Request; }', but here has type '{ new (input: string | Request, init?: RequestInit): Request; prototype: Request; }'.
node_modules/react-native/src/types/globals.d.ts(313,7): error TS2403: Subsequent variable declarations must have the same type.  Variable 'Response' must be of type '{ new (body?: BodyInit, init?: ResponseInit): Response; prototype: Response; error(): Response; json(data: any, init?: ResponseInit): Response; redirect(url: string | URL, status?: number): Response; }', but here has type '{ new (body?: BodyInit_, init?: ResponseInit): Response; prototype: Response; error(): Response; json(data: any, init?: ResponseInit): Response; redirect: (url: string | URL, status?: number) => Response; }'.
node_modules/react-native/src/types/globals.d.ts(398,5): error TS2717: Subsequent property declarations must have the same type.  Property 'abort' must be of type 'ProgressEvent<XMLHttpRequestEventTarget>', but here has type 'ProgressEvent<EventTarget>'.
node_modules/react-native/src/types/globals.d.ts(399,5): error TS2717: Subsequent property declarations must have the same type.  Property 'error' must be of type 'ProgressEvent<XMLHttpRequestEventTarget>', but here has type 'ProgressEvent<EventTarget>'.
node_modules/react-native/src/types/globals.d.ts(400,5): error TS2717: Subsequent property declarations must have the same type.  Property 'load' must be of type 'ProgressEvent<XMLHttpRequestEventTarget>', but here has type 'ProgressEvent<EventTarget>'.
node_modules/react-native/src/types/globals.d.ts(401,5): error TS2717: Subsequent property declarations must have the same type.  Property 'loadend' must be of type 'ProgressEvent<XMLHttpRequestEventTarget>', but here has type 'ProgressEvent<EventTarget>'.
node_modules/react-native/src/types/globals.d.ts(402,5): error TS2717: Subsequent property declarations must have the same type.  Property 'loadstart' must be of type 'ProgressEvent<XMLHttpRequestEventTarget>', but here has type 'ProgressEvent<EventTarget>'.
node_modules/react-native/src/types/globals.d.ts(403,5): error TS2717: Subsequent property declarations must have the same type.  Property 'progress' must be of type 'ProgressEvent<XMLHttpRequestEventTarget>', but here has type 'ProgressEvent<EventTarget>'.
node_modules/react-native/src/types/globals.d.ts(404,5): error TS2717: Subsequent property declarations must have the same type.  Property 'timeout' must be of type 'ProgressEvent<XMLHttpRequestEventTarget>', but here has type 'ProgressEvent<EventTarget>'.
node_modules/react-native/src/types/globals.d.ts(471,7): error TS2403: Subsequent variable declarations must have the same type.  Variable 'URL' must be of type '{ new (url: string | URL, base?: string | URL): URL; prototype: URL; canParse(url: string | URL, base?: string | URL): boolean; createObjectURL(obj: Blob | MediaSource): string; parse(url: string | URL, base?: string | URL): URL; revokeObjectURL(url: string): void; }', but here has type '{ new (url: string | URL, base?: string | URL): URL; prototype: URL; createObjectURL(obj: Blob): string; revokeObjectURL(url: string): void; }'.
node_modules/react-native/src/types/globals.d.ts(534,5): error TS2717: Subsequent property declarations must have the same type.  Property 'onopen' must be of type '(this: WebSocket, ev: Event) => any', but here has type '() => void'.
node_modules/react-native/src/types/globals.d.ts(535,5): error TS2717: Subsequent property declarations must have the same type.  Property 'onmessage' must be of type '(this: WebSocket, ev: MessageEvent<any>) => any', but here has type '(event: WebSocketMessageEvent) => void'.
node_modules/react-native/src/types/globals.d.ts(536,5): error TS2717: Subsequent property declarations must have the same type.  Property 'onerror' must be of type '(this: WebSocket, ev: Event) => any', but here has type '(event: WebSocketErrorEvent) => void'.
node_modules/react-native/src/types/globals.d.ts(537,5): error TS2717: Subsequent property declarations must have the same type.  Property 'onclose' must be of type '(this: WebSocket, ev: CloseEvent) => any', but here has type '(event: WebSocketCloseEvent) => void'.
node_modules/react-native/src/types/globals.d.ts(538,5): error TS2717: Subsequent property declarations must have the same type.  Property 'addEventListener' must be of type '{ <K extends keyof WebSocketEventMap>(type: K, listener: (this: WebSocket, ev: WebSocketEventMap[K]) => any, options?: boolean | AddEventListenerOptions): void; (type: string, listener: EventListenerOrEventListenerObject, options?: boolean | AddEventListenerOptions): void; }', but here has type 'WebsocketEventListener'.
node_modules/react-native/src/types/globals.d.ts(539,5): error TS2717: Subsequent property declarations must have the same type.  Property 'removeEventListener' must be of type '{ <K extends keyof WebSocketEventMap>(type: K, listener: (this: WebSocket, ev: WebSocketEventMap[K]) => any, options?: boolean | EventListenerOptions): void; (type: string, listener: EventListenerOrEventListenerObject, options?: boolean | EventListenerOptions): void; }', but here has type 'WebsocketEventListener'.
node_modules/react-native/src/types/globals.d.ts(542,7): error TS2403: Subsequent variable declarations must have the same type.  Variable 'WebSocket' must be of type '{ new (url: string | URL, protocols?: string | string[]): WebSocket; prototype: WebSocket; readonly CONNECTING: 0; readonly OPEN: 1; readonly CLOSING: 2; readonly CLOSED: 3; }', but here has type '{ new (uri: string, protocols?: string | string[], options?: { [optionName: string]: any; headers: { [headerName: string]: string; }; }): WebSocket; prototype: WebSocket; readonly CLOSED: number; readonly CLOSING: number; readonly CONNECTING: number; readonly OPEN: number; }'.
node_modules/react-native/src/types/globals.d.ts(627,14): error TS2717: Subsequent property declarations must have the same type.  Property 'error' must be of type 'DOMException', but here has type 'Error'.
node_modules/react-native/src/types/globals.d.ts(640,14): error TS2717: Subsequent property declarations must have the same type.  Property 'readyState' must be of type '0 | 2 | 1', but here has type 'number'.
node_modules/react-native/types/modules/BatchedBridge.d.ts(17,15): error TS2300: Duplicate identifier 'MessageQueue'.
node_modules/react-native/types/modules/BatchedBridge.d.ts(27,18): error TS2300: Duplicate identifier 'BatchedBridge'.
node_modules/react-native/types/modules/BatchedBridge.d.ts(31,18): error TS2300: Duplicate identifier 'MessageQueue'.
node_modules/react-native/types/modules/Codegen.d.ts(10,1): error TS6200: Definitions of the following identifiers conflict with those in another file: codegenNativeCommands, NativeComponentType, codegenNativeComponent, BubblingEventHandler, DirectEventHandler, Double, Float, Int32, UnsafeObject, DefaultTypes, WithDefault
node_modules/react-native/types/modules/Devtools.d.ts(11,15): error TS2300: Duplicate identifier 'StackFrame'.
node_modules/typescript/lib/lib.dom.d.ts(23,1): error TS6200: Definitions of the following identifiers conflict with those in another file: EndingType, BlobPart, BufferSource, FormData, RequestInfo, XMLHttpRequestResponseType, AbortSignal, AbortController
node_modules/typescript/lib/lib.dom.d.ts(2717,11): error TS2300: Duplicate identifier 'AbortController'.
node_modules/typescript/lib/lib.dom.d.ts(2732,13): error TS2300: Duplicate identifier 'AbortController'.
node_modules/typescript/lib/lib.dom.d.ts(2746,11): error TS2300: Duplicate identifier 'AbortSignal'.
node_modules/typescript/lib/lib.dom.d.ts(2773,13): error TS2300: Duplicate identifier 'AbortSignal'.
node_modules/typescript/lib/lib.dom.d.ts(12219,11): error TS2300: Duplicate identifier 'FormData'.
node_modules/typescript/lib/lib.dom.d.ts(12263,13): error TS2300: Duplicate identifier 'FormData'.
node_modules/typescript/lib/lib.dom.d.ts(32640,11): error TS2300: Duplicate identifier 'URL'.
node_modules/typescript/lib/lib.dom.d.ts(32722,13): error TS2300: Duplicate identifier 'URL'.
node_modules/typescript/lib/lib.dom.d.ts(32759,11): error TS2300: Duplicate identifier 'URLSearchParams'.
node_modules/typescript/lib/lib.dom.d.ts(32812,13): error TS2300: Duplicate identifier 'URLSearchParams'.
node_modules/typescript/lib/lib.dom.d.ts(39228,6): error TS2300: Duplicate identifier 'RequestInfo'.
node_modules/typescript/lib/lib.dom.d.ts(39429,6): error TS2300: Duplicate identifier 'XMLHttpRequestResponseType'.
node_modules/typescript/lib/lib.dom.iterable.d.ts(153,11): error TS2300: Duplicate identifier 'FormData'.
node_modules/typescript/lib/lib.dom.iterable.d.ts(418,11): error TS2300: Duplicate identifier 'URLSearchParams'.
src/activities/domain/gym-activity-attendance.entity.ts(9,4): error TS1240: Unable to resolve signature of property decorator when called as an expression.
  Argument of type 'ClassFieldDecoratorContext<GymActivityAttendance, number> & { name: "id"; private: false; static: false; }' is not assignable to parameter of type 'string | symbol'.
src/activities/domain/gym-activity-attendance.entity.ts(12,4): error TS1240: Unable to resolve signature of property decorator when called as an expression.
  Argument of type 'ClassFieldDecoratorContext<GymActivityAttendance, number> & { name: "gymActivityScheduleId"; private: false; static: false; }' is not assignable to parameter of type 'string | symbol'.
src/activities/domain/gym-activity-attendance.entity.ts(15,4): error TS1240: Unable to resolve signature of property decorator when called as an expression.
  Argument of type 'ClassFieldDecoratorContext<GymActivityAttendance, number> & { name: "userId"; private: false; static: false; }' is not assignable to parameter of type 'string | symbol'.
src/activities/domain/gym-activity-attendance.entity.ts(18,4): error TS1240: Unable to resolve signature of property decorator when called as an expression.
  Argument of type 'ClassFieldDecoratorContext<GymActivityAttendance, Date> & { name: "checkInTime"; private: false; static: false; }' is not assignable to parameter of type 'string | symbol'.
src/activities/domain/gym-activity-attendance.entity.ts(21,4): error TS1240: Unable to resolve signature of property decorator when called as an expression.
  Argument of type 'ClassFieldDecoratorContext<GymActivityAttendance, Date> & { name: "checkOutTime"; private: false; static: false; }' is not assignable to parameter of type 'string | symbol'.
src/activities/domain/gym-activity-attendance.entity.ts(24,4): error TS1240: Unable to resolve signature of property decorator when called as an expression.
  Argument of type 'ClassFieldDecoratorContext<GymActivityAttendance, string> & { name: "status"; private: false; static: false; }' is not assignable to parameter of type 'string | symbol'.
src/activities/domain/gym-activity-attendance.entity.ts(28,4): error TS1240: Unable to resolve signature of property decorator when called as an expression.
  Argument of type 'ClassFieldDecoratorContext<GymActivityAttendance, GymActivitySchedule> & { name: "gymActivitySchedule"; private: false; static: false; }' is not assignable to parameter of type 'string | symbol'.
src/activities/domain/gym-activity-attendance.entity.ts(29,4): error TS1240: Unable to resolve signature of property decorator when called as an expression.
  Argument of type 'ClassFieldDecoratorContext<GymActivityAttendance, GymActivitySchedule> & { name: "gymActivitySchedule"; private: false; static: false; }' is not assignable to parameter of type 'string | symbol'.
src/activities/domain/gym-activity-attendance.entity.ts(32,4): error TS1240: Unable to resolve signature of property decorator when called as an expression.
  Argument of type 'ClassFieldDecoratorContext<GymActivityAttendance, User> & { name: "user"; private: false; static: false; }' is not assignable to parameter of type 'string | symbol'.
src/activities/domain/gym-activity-attendance.entity.ts(33,4): error TS1240: Unable to resolve signature of property decorator when called as an expression.
  Argument of type 'ClassFieldDecoratorContext<GymActivityAttendance, User> & { name: "user"; private: false; static: false; }' is not assignable to parameter of type 'string | symbol'.
src/activities/domain/gym-activity-schedule.entity.ts(10,4): error TS1240: Unable to resolve signature of property decorator when called as an expression.
  Argument of type 'ClassFieldDecoratorContext<GymActivitySchedule, number> & { name: "id"; private: false; static: false; }' is not assignable to parameter of type 'string | symbol'.
src/activities/domain/gym-activity-schedule.entity.ts(13,4): error TS1240: Unable to resolve signature of property decorator when called as an expression.
  Argument of type 'ClassFieldDecoratorContext<GymActivitySchedule, number> & { name: "gymActivityId"; private: false; static: false; }' is not assignable to parameter of type 'string | symbol'.
src/activities/domain/gym-activity-schedule.entity.ts(16,4): error TS1240: Unable to resolve signature of property decorator when called as an expression.
  Argument of type 'ClassFieldDecoratorContext<GymActivitySchedule, number> & { name: "instructorId"; private: false; static: false; }' is not assignable to parameter of type 'string | symbol'.
src/activities/domain/gym-activity-schedule.entity.ts(19,4): error TS1240: Unable to resolve signature of property decorator when called as an expression.
  Argument of type 'ClassFieldDecoratorContext<GymActivitySchedule, string> & { name: "dayOfWeek"; private: false; static: false; }' is not assignable to parameter of type 'string | symbol'.
src/activities/domain/gym-activity-schedule.entity.ts(22,4): error TS1240: Unable to resolve signature of property decorator when called as an expression.
  Argument of type 'ClassFieldDecoratorContext<GymActivitySchedule, string> & { name: "startTime"; private: false; static: false; }' is not assignable to parameter of type 'string | symbol'.
src/activities/domain/gym-activity-schedule.entity.ts(25,4): error TS1240: Unable to resolve signature of property decorator when called as an expression.
  Argument of type 'ClassFieldDecoratorContext<GymActivitySchedule, string> & { name: "endTime"; private: false; static: false; }' is not assignable to parameter of type 'string | symbol'.
src/activities/domain/gym-activity-schedule.entity.ts(28,4): error TS1240: Unable to resolve signature of property decorator when called as an expression.
  Argument of type 'ClassFieldDecoratorContext<GymActivitySchedule, number> & { name: "maxAttendees"; private: false; static: false; }' is not assignable to parameter of type 'string | symbol'.
src/activities/domain/gym-activity-schedule.entity.ts(31,4): error TS1240: Unable to resolve signature of property decorator when called as an expression.
  Argument of type 'ClassFieldDecoratorContext<GymActivitySchedule, boolean> & { name: "isRecurring"; private: false; static: false; }' is not assignable to parameter of type 'string | symbol'.
src/activities/domain/gym-activity-schedule.entity.ts(35,4): error TS1240: Unable to resolve signature of property decorator when called as an expression.
  Argument of type 'ClassFieldDecoratorContext<GymActivitySchedule, GymActivity> & { name: "gymActivity"; private: false; static: false; }' is not assignable to parameter of type 'string | symbol'.
src/activities/domain/gym-activity-schedule.entity.ts(36,4): error TS1240: Unable to resolve signature of property decorator when called as an expression.
  Argument of type 'ClassFieldDecoratorContext<GymActivitySchedule, GymActivity> & { name: "gymActivity"; private: false; static: false; }' is not assignable to parameter of type 'string | symbol'.
src/activities/domain/gym-activity-schedule.entity.ts(39,4): error TS1240: Unable to resolve signature of property decorator when called as an expression.
  Argument of type 'ClassFieldDecoratorContext<GymActivitySchedule, User> & { name: "instructor"; private: false; static: false; }' is not assignable to parameter of type 'string | symbol'.
src/activities/domain/gym-activity-schedule.entity.ts(40,4): error TS1240: Unable to resolve signature of property decorator when called as an expression.
  Argument of type 'ClassFieldDecoratorContext<GymActivitySchedule, User> & { name: "instructor"; private: false; static: false; }' is not assignable to parameter of type 'string | symbol'.
src/activities/domain/gym-activity-schedule.entity.ts(43,4): error TS1240: Unable to resolve signature of property decorator when called as an expression.
  Argument of type 'ClassFieldDecoratorContext<GymActivitySchedule, GymActivityAttendance[]> & { name: "attendances"; private: false; static: false; }' is not assignable to parameter of type 'string | symbol'.
src/activities/domain/gym-activity.entity.ts(9,4): error TS1240: Unable to resolve signature of property decorator when called as an expression.
  Argument of type 'ClassFieldDecoratorContext<GymActivity, number> & { name: "id"; private: false; static: false; }' is not assignable to parameter of type 'string | symbol'.
src/activities/domain/gym-activity.entity.ts(12,4): error TS1240: Unable to resolve signature of property decorator when called as an expression.
  Argument of type 'ClassFieldDecoratorContext<GymActivity, number> & { name: "gymId"; private: false; static: false; }' is not assignable to parameter of type 'string | symbol'.
src/activities/domain/gym-activity.entity.ts(15,4): error TS1240: Unable to resolve signature of property decorator when called as an expression.
  Argument of type 'ClassFieldDecoratorContext<GymActivity, string> & { name: "name"; private: false; static: false; }' is not assignable to parameter of type 'string | symbol'.
src/activities/domain/gym-activity.entity.ts(18,4): error TS1240: Unable to resolve signature of property decorator when called as an expression.
  Argument of type 'ClassFieldDecoratorContext<GymActivity, string> & { name: "description"; private: false; static: false; }' is not assignable to parameter of type 'string | symbol'.
src/activities/domain/gym-activity.entity.ts(21,4): error TS1240: Unable to resolve signature of property decorator when called as an expression.
  Argument of type 'ClassFieldDecoratorContext<GymActivity, number> & { name: "defaultDurationMin"; private: false; static: false; }' is not assignable to parameter of type 'string | symbol'.
src/activities/domain/gym-activity.entity.ts(24,4): error TS1240: Unable to resolve signature of property decorator when called as an expression.
  Argument of type 'ClassFieldDecoratorContext<GymActivity, boolean> & { name: "isActive"; private: false; static: false; }' is not assignable to parameter of type 'string | symbol'.
src/activities/domain/gym-activity.entity.ts(28,4): error TS1240: Unable to resolve signature of property decorator when called as an expression.
  Argument of type 'ClassFieldDecoratorContext<GymActivity, Gym> & { name: "gym"; private: false; static: false; }' is not assignable to parameter of type 'string | symbol'.
src/activities/domain/gym-activity.entity.ts(29,4): error TS1240: Unable to resolve signature of property decorator when called as an expression.
  Argument of type 'ClassFieldDecoratorContext<GymActivity, Gym> & { name: "gym"; private: false; static: false; }' is not assignable to parameter of type 'string | symbol'.
src/activities/domain/gym-activity.entity.ts(32,4): error TS1240: Unable to resolve signature of property decorator when called as an expression.
  Argument of type 'ClassFieldDecoratorContext<GymActivity, GymActivitySchedule[]> & { name: "schedules"; private: false; static: false; }' is not assignable to parameter of type 'string | symbol'.
src/checkins/domain/check-in.entity.ts(9,4): error TS1240: Unable to resolve signature of property decorator when called as an expression.
  Argument of type 'ClassFieldDecoratorContext<CheckIn, number> & { name: "id"; private: false; static: false; }' is not assignable to parameter of type 'string | symbol'.
src/checkins/domain/check-in.entity.ts(12,4): error TS1240: Unable to resolve signature of property decorator when called as an expression.
  Argument of type 'ClassFieldDecoratorContext<CheckIn, number> & { name: "userId"; private: false; static: false; }' is not assignable to parameter of type 'string | symbol'.
src/checkins/domain/check-in.entity.ts(15,4): error TS1240: Unable to resolve signature of property decorator when called as an expression.
  Argument of type 'ClassFieldDecoratorContext<CheckIn, number> & { name: "gymId"; private: false; static: false; }' is not assignable to parameter of type 'string | symbol'.
src/checkins/domain/check-in.entity.ts(18,4): error TS1240: Unable to resolve signature of property decorator when called as an expression.
  Argument of type 'ClassFieldDecoratorContext<CheckIn, Date> & { name: "checkInTime"; private: false; static: false; }' is not assignable to parameter of type 'string | symbol'.
src/checkins/domain/check-in.entity.ts(21,4): error TS1240: Unable to resolve signature of property decorator when called as an expression.
  Argument of type 'ClassFieldDecoratorContext<CheckIn, Date> & { name: "checkOutTime"; private: false; static: false; }' is not assignable to parameter of type 'string | symbol'.
src/checkins/domain/check-in.entity.ts(24,4): error TS1240: Unable to resolve signature of property decorator when called as an expression.
  Argument of type 'ClassFieldDecoratorContext<CheckIn, string> & { name: "method"; private: false; static: false; }' is not assignable to parameter of type 'string | symbol'.
src/checkins/domain/check-in.entity.ts(27,4): error TS1240: Unable to resolve signature of property decorator when called as an expression.
  Argument of type 'ClassFieldDecoratorContext<CheckIn, string> & { name: "status"; private: false; static: false; }' is not assignable to parameter of type 'string | symbol'.
src/checkins/domain/check-in.entity.ts(31,4): error TS1240: Unable to resolve signature of property decorator when called as an expression.
  Argument of type 'ClassFieldDecoratorContext<CheckIn, User> & { name: "user"; private: false; static: false; }' is not assignable to parameter of type 'string | symbol'.
src/checkins/domain/check-in.entity.ts(32,4): error TS1240: Unable to resolve signature of property decorator when called as an expression.
  Argument of type 'ClassFieldDecoratorContext<CheckIn, User> & { name: "user"; private: false; static: false; }' is not assignable to parameter of type 'string | symbol'.
src/checkins/domain/check-in.entity.ts(35,4): error TS1240: Unable to resolve signature of property decorator when called as an expression.
  Argument of type 'ClassFieldDecoratorContext<CheckIn, Gym> & { name: "gym"; private: false; static: false; }' is not assignable to parameter of type 'string | symbol'.
src/checkins/domain/check-in.entity.ts(36,4): error TS1240: Unable to resolve signature of property decorator when called as an expression.
  Argument of type 'ClassFieldDecoratorContext<CheckIn, Gym> & { name: "gym"; private: false; static: false; }' is not assignable to parameter of type 'string | symbol'.
src/exercises/domain/exercise-catalog.entity.ts(5,4): error TS1240: Unable to resolve signature of property decorator when called as an expression.
  Argument of type 'ClassFieldDecoratorContext<ExerciseCatalog, number> & { name: "id"; private: false; static: false; }' is not assignable to parameter of type 'string | symbol'.
src/exercises/domain/exercise-catalog.entity.ts(8,4): error TS1240: Unable to resolve signature of property decorator when called as an expression.
  Argument of type 'ClassFieldDecoratorContext<ExerciseCatalog, string> & { name: "name"; private: false; static: false; }' is not assignable to parameter of type 'string | symbol'.
src/exercises/domain/exercise-catalog.entity.ts(11,4): error TS1240: Unable to resolve signature of property decorator when called as an expression.
  Argument of type 'ClassFieldDecoratorContext<ExerciseCatalog, string> & { name: "description"; private: false; static: false; }' is not assignable to parameter of type 'string | symbol'.
src/exercises/domain/exercise-catalog.entity.ts(14,4): error TS1240: Unable to resolve signature of property decorator when called as an expression.
  Argument of type 'ClassFieldDecoratorContext<ExerciseCatalog, string> & { name: "muscleGroup"; private: false; static: false; }' is not assignable to parameter of type 'string | symbol'.
src/exercises/domain/exercise-catalog.entity.ts(17,4): error TS1240: Unable to resolve signature of property decorator when called as an expression.
  Argument of type 'ClassFieldDecoratorContext<ExerciseCatalog, string[]> & { name: "secondaryMuscleGroups"; private: false; static: false; }' is not assignable to parameter of type 'string | symbol'.
src/exercises/domain/exercise-catalog.entity.ts(20,4): error TS1240: Unable to resolve signature of property decorator when called as an expression.
  Argument of type 'ClassFieldDecoratorContext<ExerciseCatalog, string> & { name: "equipmentRequired"; private: false; static: false; }' is not assignable to parameter of type 'string | symbol'.
src/exercises/domain/exercise-catalog.entity.ts(23,4): error TS1240: Unable to resolve signature of property decorator when called as an expression.
  Argument of type 'ClassFieldDecoratorContext<ExerciseCatalog, string> & { name: "difficultyLevel"; private: false; static: false; }' is not assignable to parameter of type 'string | symbol'.
src/exercises/domain/exercise-catalog.entity.ts(26,4): error TS1240: Unable to resolve signature of property decorator when called as an expression.
  Argument of type 'ClassFieldDecoratorContext<ExerciseCatalog, string> & { name: "videoUrl"; private: false; static: false; }' is not assignable to parameter of type 'string | symbol'.
src/exercises/domain/exercise-catalog.entity.ts(29,4): error TS1240: Unable to resolve signature of property decorator when called as an expression.
  Argument of type 'ClassFieldDecoratorContext<ExerciseCatalog, string> & { name: "imageUrl"; private: false; static: false; }' is not assignable to parameter of type 'string | symbol'.
src/exercises/domain/exercise-catalog.entity.ts(32,4): error TS1240: Unable to resolve signature of property decorator when called as an expression.
  Argument of type 'ClassFieldDecoratorContext<ExerciseCatalog, boolean> & { name: "isActive"; private: false; static: false; }' is not assignable to parameter of type 'string | symbol'.
src/exercises/domain/exercise-catalog.entity.ts(35,4): error TS1240: Unable to resolve signature of property decorator when called as an expression.
  Argument of type 'ClassFieldDecoratorContext<ExerciseCatalog, Date> & { name: "createdAt"; private: false; static: false; }' is not assignable to parameter of type 'string | symbol'.
src/exercises/domain/exercise-catalog.entity.ts(38,4): error TS1240: Unable to resolve signature of property decorator when called as an expression.
  Argument of type 'ClassFieldDecoratorContext<ExerciseCatalog, Date> & { name: "updatedAt"; private: false; static: false; }' is not assignable to parameter of type 'string | symbol'.
src/gyms/domain/gym-location.entity.ts(8,4): error TS1240: Unable to resolve signature of property decorator when called as an expression.
  Argument of type 'ClassFieldDecoratorContext<GymLocation, number> & { name: "id"; private: false; static: false; }' is not assignable to parameter of type 'string | symbol'.
src/gyms/domain/gym-location.entity.ts(11,4): error TS1240: Unable to resolve signature of property decorator when called as an expression.
  Argument of type 'ClassFieldDecoratorContext<GymLocation, number> & { name: "gymId"; private: false; static: false; }' is not assignable to parameter of type 'string | symbol'.
src/gyms/domain/gym-location.entity.ts(14,4): error TS1240: Unable to resolve signature of property decorator when called as an expression.
  Argument of type 'ClassFieldDecoratorContext<GymLocation, string> & { name: "address"; private: false; static: false; }' is not assignable to parameter of type 'string | symbol'.
src/gyms/domain/gym-location.entity.ts(17,4): error TS1240: Unable to resolve signature of property decorator when called as an expression.
  Argument of type 'ClassFieldDecoratorContext<GymLocation, string> & { name: "city"; private: false; static: false; }' is not assignable to parameter of type 'string | symbol'.
src/gyms/domain/gym-location.entity.ts(20,4): error TS1240: Unable to resolve signature of property decorator when called as an expression.
  Argument of type 'ClassFieldDecoratorContext<GymLocation, number> & { name: "latitude"; private: false; static: false; }' is not assignable to parameter of type 'string | symbol'.
src/gyms/domain/gym-location.entity.ts(23,4): error TS1240: Unable to resolve signature of property decorator when called as an expression.
  Argument of type 'ClassFieldDecoratorContext<GymLocation, number> & { name: "longitude"; private: false; static: false; }' is not assignable to parameter of type 'string | symbol'.
src/gyms/domain/gym-location.entity.ts(27,4): error TS1240: Unable to resolve signature of property decorator when called as an expression.
  Argument of type 'ClassFieldDecoratorContext<GymLocation, Gym> & { name: "gym"; private: false; static: false; }' is not assignable to parameter of type 'string | symbol'.
src/gyms/domain/gym-location.entity.ts(28,4): error TS1240: Unable to resolve signature of property decorator when called as an expression.
  Argument of type 'ClassFieldDecoratorContext<GymLocation, Gym> & { name: "gym"; private: false; static: false; }' is not assignable to parameter of type 'string | symbol'.
src/gyms/domain/gym-schedule.entity.ts(8,4): error TS1240: Unable to resolve signature of property decorator when called as an expression.
  Argument of type 'ClassFieldDecoratorContext<GymSchedule, number> & { name: "id"; private: false; static: false; }' is not assignable to parameter of type 'string | symbol'.
src/gyms/domain/gym-schedule.entity.ts(11,4): error TS1240: Unable to resolve signature of property decorator when called as an expression.
  Argument of type 'ClassFieldDecoratorContext<GymSchedule, number> & { name: "gymId"; private: false; static: false; }' is not assignable to parameter of type 'string | symbol'.
src/gyms/domain/gym-schedule.entity.ts(14,4): error TS1240: Unable to resolve signature of property decorator when called as an expression.
  Argument of type 'ClassFieldDecoratorContext<GymSchedule, string> & { name: "dayOfWeek"; private: false; static: false; }' is not assignable to parameter of type 'string | symbol'.
src/gyms/domain/gym-schedule.entity.ts(17,4): error TS1240: Unable to resolve signature of property decorator when called as an expression.
  Argument of type 'ClassFieldDecoratorContext<GymSchedule, string> & { name: "opensAt"; private: false; static: false; }' is not assignable to parameter of type 'string | symbol'.
src/gyms/domain/gym-schedule.entity.ts(20,4): error TS1240: Unable to resolve signature of property decorator when called as an expression.
  Argument of type 'ClassFieldDecoratorContext<GymSchedule, string> & { name: "closesAt"; private: false; static: false; }' is not assignable to parameter of type 'string | symbol'.
src/gyms/domain/gym-schedule.entity.ts(23,4): error TS1240: Unable to resolve signature of property decorator when called as an expression.
  Argument of type 'ClassFieldDecoratorContext<GymSchedule, boolean> & { name: "isHoliday"; private: false; static: false; }' is not assignable to parameter of type 'string | symbol'.
src/gyms/domain/gym-schedule.entity.ts(27,4): error TS1240: Unable to resolve signature of property decorator when called as an expression.
  Argument of type 'ClassFieldDecoratorContext<GymSchedule, Gym> & { name: "gym"; private: false; static: false; }' is not assignable to parameter of type 'string | symbol'.
src/gyms/domain/gym-schedule.entity.ts(28,4): error TS1240: Unable to resolve signature of property decorator when called as an expression.
  Argument of type 'ClassFieldDecoratorContext<GymSchedule, Gym> & { name: "gym"; private: false; static: false; }' is not assignable to parameter of type 'string | symbol'.
src/gyms/domain/gym.entity.ts(10,4): error TS1240: Unable to resolve signature of property decorator when called as an expression.
  Argument of type 'ClassFieldDecoratorContext<Gym, number> & { name: "id"; private: false; static: false; }' is not assignable to parameter of type 'string | symbol'.
src/gyms/domain/gym.entity.ts(13,4): error TS1240: Unable to resolve signature of property decorator when called as an expression.
  Argument of type 'ClassFieldDecoratorContext<Gym, string> & { name: "name"; private: false; static: false; }' is not assignable to parameter of type 'string | symbol'.
src/gyms/domain/gym.entity.ts(16,4): error TS1240: Unable to resolve signature of property decorator when called as an expression.
  Argument of type 'ClassFieldDecoratorContext<Gym, string> & { name: "description"; private: false; static: false; }' is not assignable to parameter of type 'string | symbol'.
src/gyms/domain/gym.entity.ts(19,4): error TS1240: Unable to resolve signature of property decorator when called as an expression.
  Argument of type 'ClassFieldDecoratorContext<Gym, number> & { name: "maxCapacity"; private: false; static: false; }' is not assignable to parameter of type 'string | symbol'.
src/gyms/domain/gym.entity.ts(22,4): error TS1240: Unable to resolve signature of property decorator when called as an expression.
  Argument of type 'ClassFieldDecoratorContext<Gym, boolean> & { name: "isActive"; private: false; static: false; }' is not assignable to parameter of type 'string | symbol'.
src/gyms/domain/gym.entity.ts(25,4): error TS1240: Unable to resolve signature of property decorator when called as an expression.
  Argument of type 'ClassFieldDecoratorContext<Gym, boolean> & { name: "isOpen"; private: false; static: false; }' is not assignable to parameter of type 'string | symbol'.
src/gyms/domain/gym.entity.ts(28,4): error TS1240: Unable to resolve signature of property decorator when called as an expression.
  Argument of type 'ClassFieldDecoratorContext<Gym, Date> & { name: "createdAt"; private: false; static: false; }' is not assignable to parameter of type 'string | symbol'.
src/gyms/domain/gym.entity.ts(31,4): error TS1240: Unable to resolve signature of property decorator when called as an expression.
  Argument of type 'ClassFieldDecoratorContext<Gym, Date> & { name: "updatedAt"; private: false; static: false; }' is not assignable to parameter of type 'string | symbol'.
src/gyms/domain/gym.entity.ts(35,4): error TS1240: Unable to resolve signature of property decorator when called as an expression.
  Argument of type 'ClassFieldDecoratorContext<Gym, GymLocation> & { name: "location"; private: false; static: false; }' is not assignable to parameter of type 'string | symbol'.
src/gyms/domain/gym.entity.ts(38,4): error TS1240: Unable to resolve signature of property decorator when called as an expression.
  Argument of type 'ClassFieldDecoratorContext<Gym, GymSchedule[]> & { name: "schedules"; private: false; static: false; }' is not assignable to parameter of type 'string | symbol'.
src/gyms/domain/gym.entity.ts(41,4): error TS1240: Unable to resolve signature of property decorator when called as an expression.
  Argument of type 'ClassFieldDecoratorContext<Gym, GymActivity[]> & { name: "activities"; private: false; static: false; }' is not assignable to parameter of type 'string | symbol'.
src/notifications/domain/notification-template.entity.ts(5,4): error TS1240: Unable to resolve signature of property decorator when called as an expression.
  Argument of type 'ClassFieldDecoratorContext<NotificationTemplate, number> & { name: "id"; private: false; static: false; }' is not assignable to parameter of type 'string | symbol'.
src/notifications/domain/notification-template.entity.ts(8,4): error TS1240: Unable to resolve signature of property decorator when called as an expression.
  Argument of type 'ClassFieldDecoratorContext<NotificationTemplate, string> & { name: "type"; private: false; static: false; }' is not assignable to parameter of type 'string | symbol'.
src/notifications/domain/notification-template.entity.ts(11,4): error TS1240: Unable to resolve signature of property decorator when called as an expression.
  Argument of type 'ClassFieldDecoratorContext<NotificationTemplate, string> & { name: "titleTemplate"; private: false; static: false; }' is not assignable to parameter of type 'string | symbol'.
src/notifications/domain/notification-template.entity.ts(14,4): error TS1240: Unable to resolve signature of property decorator when called as an expression.
  Argument of type 'ClassFieldDecoratorContext<NotificationTemplate, string> & { name: "bodyTemplate"; private: false; static: false; }' is not assignable to parameter of type 'string | symbol'.
src/reservations/domain/reservation.entity.ts(9,4): error TS1240: Unable to resolve signature of property decorator when called as an expression.
  Argument of type 'ClassFieldDecoratorContext<Reservation, number> & { name: "id"; private: false; static: false; }' is not assignable to parameter of type 'string | symbol'.
src/reservations/domain/reservation.entity.ts(12,4): error TS1240: Unable to resolve signature of property decorator when called as an expression.
  Argument of type 'ClassFieldDecoratorContext<Reservation, number> & { name: "userId"; private: false; static: false; }' is not assignable to parameter of type 'string | symbol'.
src/reservations/domain/reservation.entity.ts(15,4): error TS1240: Unable to resolve signature of property decorator when called as an expression.
  Argument of type 'ClassFieldDecoratorContext<Reservation, number> & { name: "gymActivityScheduleId"; private: false; static: false; }' is not assignable to parameter of type 'string | symbol'.
src/reservations/domain/reservation.entity.ts(18,4): error TS1240: Unable to resolve signature of property decorator when called as an expression.
  Argument of type 'ClassFieldDecoratorContext<Reservation, Date> & { name: "reservationDate"; private: false; static: false; }' is not assignable to parameter of type 'string | symbol'.
src/reservations/domain/reservation.entity.ts(21,4): error TS1240: Unable to resolve signature of property decorator when called as an expression.
  Argument of type 'ClassFieldDecoratorContext<Reservation, string> & { name: "status"; private: false; static: false; }' is not assignable to parameter of type 'string | symbol'.
src/reservations/domain/reservation.entity.ts(24,4): error TS1240: Unable to resolve signature of property decorator when called as an expression.
  Argument of type 'ClassFieldDecoratorContext<Reservation, Date> & { name: "createdAt"; private: false; static: false; }' is not assignable to parameter of type 'string | symbol'.
src/reservations/domain/reservation.entity.ts(27,4): error TS1240: Unable to resolve signature of property decorator when called as an expression.
  Argument of type 'ClassFieldDecoratorContext<Reservation, Date> & { name: "cancelledAt"; private: false; static: false; }' is not assignable to parameter of type 'string | symbol'.
src/reservations/domain/reservation.entity.ts(31,4): error TS1240: Unable to resolve signature of property decorator when called as an expression.
  Argument of type 'ClassFieldDecoratorContext<Reservation, User> & { name: "user"; private: false; static: false; }' is not assignable to parameter of type 'string | symbol'.
src/reservations/domain/reservation.entity.ts(32,4): error TS1240: Unable to resolve signature of property decorator when called as an expression.
  Argument of type 'ClassFieldDecoratorContext<Reservation, User> & { name: "user"; private: false; static: false; }' is not assignable to parameter of type 'string | symbol'.
src/reservations/domain/reservation.entity.ts(35,4): error TS1240: Unable to resolve signature of property decorator when called as an expression.
  Argument of type 'ClassFieldDecoratorContext<Reservation, GymActivitySchedule> & { name: "gymActivitySchedule"; private: false; static: false; }' is not assignable to parameter of type 'string | symbol'.
src/reservations/domain/reservation.entity.ts(36,4): error TS1240: Unable to resolve signature of property decorator when called as an expression.
  Argument of type 'ClassFieldDecoratorContext<Reservation, GymActivitySchedule> & { name: "gymActivitySchedule"; private: false; static: false; }' is not assignable to parameter of type 'string | symbol'.
src/roles/domain/permission.entity.ts(5,4): error TS1240: Unable to resolve signature of property decorator when called as an expression.
  Argument of type 'ClassFieldDecoratorContext<Permission, number> & { name: "id"; private: false; static: false; }' is not assignable to parameter of type 'string | symbol'.
src/roles/domain/permission.entity.ts(8,4): error TS1240: Unable to resolve signature of property decorator when called as an expression.
  Argument of type 'ClassFieldDecoratorContext<Permission, string> & { name: "code"; private: false; static: false; }' is not assignable to parameter of type 'string | symbol'.
src/roles/domain/permission.entity.ts(11,4): error TS1240: Unable to resolve signature of property decorator when called as an expression.
  Argument of type 'ClassFieldDecoratorContext<Permission, string> & { name: "name"; private: false; static: false; }' is not assignable to parameter of type 'string | symbol'.
src/roles/domain/permission.entity.ts(14,4): error TS1240: Unable to resolve signature of property decorator when called as an expression.
  Argument of type 'ClassFieldDecoratorContext<Permission, string> & { name: "description"; private: false; static: false; }' is not assignable to parameter of type 'string | symbol'.
src/roles/domain/permission.entity.ts(17,4): error TS1240: Unable to resolve signature of property decorator when called as an expression.
  Argument of type 'ClassFieldDecoratorContext<Permission, string> & { name: "resource"; private: false; static: false; }' is not assignable to parameter of type 'string | symbol'.
src/roles/domain/permission.entity.ts(20,4): error TS1240: Unable to resolve signature of property decorator when called as an expression.
  Argument of type 'ClassFieldDecoratorContext<Permission, string> & { name: "action"; private: false; static: false; }' is not assignable to parameter of type 'string | symbol'.
src/roles/domain/permission.entity.ts(23,4): error TS1240: Unable to resolve signature of property decorator when called as an expression.
  Argument of type 'ClassFieldDecoratorContext<Permission, boolean> & { name: "isActive"; private: false; static: false; }' is not assignable to parameter of type 'string | symbol'.
src/roles/domain/role-permission.entity.ts(10,4): error TS1240: Unable to resolve signature of property decorator when called as an expression.
  Argument of type 'ClassFieldDecoratorContext<RolePermission, number> & { name: "id"; private: false; static: false; }' is not assignable to parameter of type 'string | symbol'.
src/roles/domain/role-permission.entity.ts(13,4): error TS1240: Unable to resolve signature of property decorator when called as an expression.
  Argument of type 'ClassFieldDecoratorContext<RolePermission, number> & { name: "roleId"; private: false; static: false; }' is not assignable to parameter of type 'string | symbol'.
src/roles/domain/role-permission.entity.ts(16,4): error TS1240: Unable to resolve signature of property decorator when called as an expression.
  Argument of type 'ClassFieldDecoratorContext<RolePermission, number> & { name: "permissionId"; private: false; static: false; }' is not assignable to parameter of type 'string | symbol'.
src/roles/domain/role-permission.entity.ts(19,4): error TS1240: Unable to resolve signature of property decorator when called as an expression.
  Argument of type 'ClassFieldDecoratorContext<RolePermission, Date> & { name: "grantedAt"; private: false; static: false; }' is not assignable to parameter of type 'string | symbol'.
src/roles/domain/role-permission.entity.ts(22,4): error TS1240: Unable to resolve signature of property decorator when called as an expression.
  Argument of type 'ClassFieldDecoratorContext<RolePermission, number> & { name: "grantedBy"; private: false; static: false; }' is not assignable to parameter of type 'string | symbol'.
src/roles/domain/role-permission.entity.ts(26,4): error TS1240: Unable to resolve signature of property decorator when called as an expression.
  Argument of type 'ClassFieldDecoratorContext<RolePermission, Role> & { name: "role"; private: false; static: false; }' is not assignable to parameter of type 'string | symbol'.
src/roles/domain/role-permission.entity.ts(27,4): error TS1240: Unable to resolve signature of property decorator when called as an expression.
  Argument of type 'ClassFieldDecoratorContext<RolePermission, Role> & { name: "role"; private: false; static: false; }' is not assignable to parameter of type 'string | symbol'.
src/roles/domain/role-permission.entity.ts(30,4): error TS1240: Unable to resolve signature of property decorator when called as an expression.
  Argument of type 'ClassFieldDecoratorContext<RolePermission, Permission> & { name: "permission"; private: false; static: false; }' is not assignable to parameter of type 'string | symbol'.
src/roles/domain/role-permission.entity.ts(31,4): error TS1240: Unable to resolve signature of property decorator when called as an expression.
  Argument of type 'ClassFieldDecoratorContext<RolePermission, Permission> & { name: "permission"; private: false; static: false; }' is not assignable to parameter of type 'string | symbol'.
src/roles/domain/role-permission.entity.ts(34,4): error TS1240: Unable to resolve signature of property decorator when called as an expression.
  Argument of type 'ClassFieldDecoratorContext<RolePermission, User> & { name: "grantedByUser"; private: false; static: false; }' is not assignable to parameter of type 'string | symbol'.
src/roles/domain/role-permission.entity.ts(35,4): error TS1240: Unable to resolve signature of property decorator when called as an expression.
  Argument of type 'ClassFieldDecoratorContext<RolePermission, User> & { name: "grantedByUser"; private: false; static: false; }' is not assignable to parameter of type 'string | symbol'.
src/roles/domain/role.entity.ts(9,4): error TS1240: Unable to resolve signature of property decorator when called as an expression.
  Argument of type 'ClassFieldDecoratorContext<Role, number> & { name: "id"; private: false; static: false; }' is not assignable to parameter of type 'string | symbol'.
src/roles/domain/role.entity.ts(12,4): error TS1240: Unable to resolve signature of property decorator when called as an expression.
  Argument of type 'ClassFieldDecoratorContext<Role, string> & { name: "name"; private: false; static: false; }' is not assignable to parameter of type 'string | symbol'.
src/roles/domain/role.entity.ts(15,4): error TS1240: Unable to resolve signature of property decorator when called as an expression.
  Argument of type 'ClassFieldDecoratorContext<Role, string> & { name: "description"; private: false; static: false; }' is not assignable to parameter of type 'string | symbol'.
src/roles/domain/role.entity.ts(18,4): error TS1240: Unable to resolve signature of property decorator when called as an expression.
  Argument of type 'ClassFieldDecoratorContext<Role, any> & { name: "permissions"; private: false; static: false; }' is not assignable to parameter of type 'string | symbol'.
src/roles/domain/role.entity.ts(21,4): error TS1240: Unable to resolve signature of property decorator when called as an expression.
  Argument of type 'ClassFieldDecoratorContext<Role, number> & { name: "hierarchyLevel"; private: false; static: false; }' is not assignable to parameter of type 'string | symbol'.
src/roles/domain/role.entity.ts(24,4): error TS1240: Unable to resolve signature of property decorator when called as an expression.
  Argument of type 'ClassFieldDecoratorContext<Role, boolean> & { name: "isSystemRole"; private: false; static: false; }' is not assignable to parameter of type 'string | symbol'.
src/roles/domain/role.entity.ts(27,4): error TS1240: Unable to resolve signature of property decorator when called as an expression.
  Argument of type 'ClassFieldDecoratorContext<Role, boolean> & { name: "isActive"; private: false; static: false; }' is not assignable to parameter of type 'string | symbol'.
src/roles/domain/role.entity.ts(30,4): error TS1240: Unable to resolve signature of property decorator when called as an expression.
  Argument of type 'ClassFieldDecoratorContext<Role, Date> & { name: "createdAt"; private: false; static: false; }' is not assignable to parameter of type 'string | symbol'.
src/roles/domain/role.entity.ts(33,4): error TS1240: Unable to resolve signature of property decorator when called as an expression.
  Argument of type 'ClassFieldDecoratorContext<Role, Date> & { name: "updatedAt"; private: false; static: false; }' is not assignable to parameter of type 'string | symbol'.
src/roles/domain/role.entity.ts(37,4): error TS1240: Unable to resolve signature of property decorator when called as an expression.
  Argument of type 'ClassFieldDecoratorContext<Role, RolePermission[]> & { name: "rolePermissions"; private: false; static: false; }' is not assignable to parameter of type 'string | symbol'.
src/roles/domain/role.entity.ts(40,4): error TS1240: Unable to resolve signature of property decorator when called as an expression.
  Argument of type 'ClassFieldDecoratorContext<Role, UserRole[]> & { name: "userRoles"; private: false; static: false; }' is not assignable to parameter of type 'string | symbol'.
src/roles/domain/user-role.entity.ts(10,4): error TS1240: Unable to resolve signature of property decorator when called as an expression.
  Argument of type 'ClassFieldDecoratorContext<UserRole, number> & { name: "id"; private: false; static: false; }' is not assignable to parameter of type 'string | symbol'.
src/roles/domain/user-role.entity.ts(13,4): error TS1240: Unable to resolve signature of property decorator when called as an expression.
  Argument of type 'ClassFieldDecoratorContext<UserRole, number> & { name: "userId"; private: false; static: false; }' is not assignable to parameter of type 'string | symbol'.
src/roles/domain/user-role.entity.ts(16,4): error TS1240: Unable to resolve signature of property decorator when called as an expression.
  Argument of type 'ClassFieldDecoratorContext<UserRole, number> & { name: "roleId"; private: false; static: false; }' is not assignable to parameter of type 'string | symbol'.
src/roles/domain/user-role.entity.ts(19,4): error TS1240: Unable to resolve signature of property decorator when called as an expression.
  Argument of type 'ClassFieldDecoratorContext<UserRole, number> & { name: "gymId"; private: false; static: false; }' is not assignable to parameter of type 'string | symbol'.
src/roles/domain/user-role.entity.ts(22,4): error TS1240: Unable to resolve signature of property decorator when called as an expression.
  Argument of type 'ClassFieldDecoratorContext<UserRole, Date> & { name: "assignedAt"; private: false; static: false; }' is not assignable to parameter of type 'string | symbol'.
src/roles/domain/user-role.entity.ts(25,4): error TS1240: Unable to resolve signature of property decorator when called as an expression.
  Argument of type 'ClassFieldDecoratorContext<UserRole, number> & { name: "assignedBy"; private: false; static: false; }' is not assignable to parameter of type 'string | symbol'.
src/roles/domain/user-role.entity.ts(28,4): error TS1240: Unable to resolve signature of property decorator when called as an expression.
  Argument of type 'ClassFieldDecoratorContext<UserRole, Date> & { name: "expiresAt"; private: false; static: false; }' is not assignable to parameter of type 'string | symbol'.
src/roles/domain/user-role.entity.ts(32,4): error TS1240: Unable to resolve signature of property decorator when called as an expression.
  Argument of type 'ClassFieldDecoratorContext<UserRole, User> & { name: "user"; private: false; static: false; }' is not assignable to parameter of type 'string | symbol'.
src/roles/domain/user-role.entity.ts(33,4): error TS1240: Unable to resolve signature of property decorator when called as an expression.
  Argument of type 'ClassFieldDecoratorContext<UserRole, User> & { name: "user"; private: false; static: false; }' is not assignable to parameter of type 'string | symbol'.
src/roles/domain/user-role.entity.ts(36,4): error TS1240: Unable to resolve signature of property decorator when called as an expression.
  Argument of type 'ClassFieldDecoratorContext<UserRole, Role> & { name: "role"; private: false; static: false; }' is not assignable to parameter of type 'string | symbol'.
src/roles/domain/user-role.entity.ts(37,4): error TS1240: Unable to resolve signature of property decorator when called as an expression.
  Argument of type 'ClassFieldDecoratorContext<UserRole, Role> & { name: "role"; private: false; static: false; }' is not assignable to parameter of type 'string | symbol'.
src/roles/domain/user-role.entity.ts(40,4): error TS1240: Unable to resolve signature of property decorator when called as an expression.
  Argument of type 'ClassFieldDecoratorContext<UserRole, Gym> & { name: "gym"; private: false; static: false; }' is not assignable to parameter of type 'string | symbol'.
src/roles/domain/user-role.entity.ts(41,4): error TS1240: Unable to resolve signature of property decorator when called as an expression.
  Argument of type 'ClassFieldDecoratorContext<UserRole, Gym> & { name: "gym"; private: false; static: false; }' is not assignable to parameter of type 'string | symbol'.
src/roles/domain/user-role.entity.ts(44,4): error TS1240: Unable to resolve signature of property decorator when called as an expression.
  Argument of type 'ClassFieldDecoratorContext<UserRole, User> & { name: "assignedByUser"; private: false; static: false; }' is not assignable to parameter of type 'string | symbol'.
src/roles/domain/user-role.entity.ts(45,4): error TS1240: Unable to resolve signature of property decorator when called as an expression.
  Argument of type 'ClassFieldDecoratorContext<UserRole, User> & { name: "assignedByUser"; private: false; static: false; }' is not assignable to parameter of type 'string | symbol'.
src/routines/domain/routine-exercise.entity.ts(9,4): error TS1240: Unable to resolve signature of property decorator when called as an expression.
  Argument of type 'ClassFieldDecoratorContext<RoutineExercise, number> & { name: "id"; private: false; static: false; }' is not assignable to parameter of type 'string | symbol'.
src/routines/domain/routine-exercise.entity.ts(12,4): error TS1240: Unable to resolve signature of property decorator when called as an expression.
  Argument of type 'ClassFieldDecoratorContext<RoutineExercise, number> & { name: "routineId"; private: false; static: false; }' is not assignable to parameter of type 'string | symbol'.
src/routines/domain/routine-exercise.entity.ts(15,4): error TS1240: Unable to resolve signature of property decorator when called as an expression.
  Argument of type 'ClassFieldDecoratorContext<RoutineExercise, number> & { name: "exerciseId"; private: false; static: false; }' is not assignable to parameter of type 'string | symbol'.
src/routines/domain/routine-exercise.entity.ts(18,4): error TS1240: Unable to resolve signature of property decorator when called as an expression.
  Argument of type 'ClassFieldDecoratorContext<RoutineExercise, number> & { name: "orderPosition"; private: false; static: false; }' is not assignable to parameter of type 'string | symbol'.
src/routines/domain/routine-exercise.entity.ts(21,4): error TS1240: Unable to resolve signature of property decorator when called as an expression.
  Argument of type 'ClassFieldDecoratorContext<RoutineExercise, number> & { name: "setsRecommended"; private: false; static: false; }' is not assignable to parameter of type 'string | symbol'.
src/routines/domain/routine-exercise.entity.ts(24,4): error TS1240: Unable to resolve signature of property decorator when called as an expression.
  Argument of type 'ClassFieldDecoratorContext<RoutineExercise, string> & { name: "repsRecommended"; private: false; static: false; }' is not assignable to parameter of type 'string | symbol'.
src/routines/domain/routine-exercise.entity.ts(27,4): error TS1240: Unable to resolve signature of property decorator when called as an expression.
  Argument of type 'ClassFieldDecoratorContext<RoutineExercise, number> & { name: "weightRecommendedKg"; private: false; static: false; }' is not assignable to parameter of type 'string | symbol'.
src/routines/domain/routine-exercise.entity.ts(30,4): error TS1240: Unable to resolve signature of property decorator when called as an expression.
  Argument of type 'ClassFieldDecoratorContext<RoutineExercise, number> & { name: "restSecondsBetweenSets"; private: false; static: false; }' is not assignable to parameter of type 'string | symbol'.
src/routines/domain/routine-exercise.entity.ts(33,4): error TS1240: Unable to resolve signature of property decorator when called as an expression.
  Argument of type 'ClassFieldDecoratorContext<RoutineExercise, string> & { name: "notes"; private: false; static: false; }' is not assignable to parameter of type 'string | symbol'.
src/routines/domain/routine-exercise.entity.ts(37,4): error TS1240: Unable to resolve signature of property decorator when called as an expression.
  Argument of type 'ClassFieldDecoratorContext<RoutineExercise, Routine> & { name: "routine"; private: false; static: false; }' is not assignable to parameter of type 'string | symbol'.
src/routines/domain/routine-exercise.entity.ts(38,4): error TS1240: Unable to resolve signature of property decorator when called as an expression.
  Argument of type 'ClassFieldDecoratorContext<RoutineExercise, Routine> & { name: "routine"; private: false; static: false; }' is not assignable to parameter of type 'string | symbol'.
src/routines/domain/routine-exercise.entity.ts(41,4): error TS1240: Unable to resolve signature of property decorator when called as an expression.
  Argument of type 'ClassFieldDecoratorContext<RoutineExercise, ExerciseCatalog> & { name: "exercise"; private: false; static: false; }' is not assignable to parameter of type 'string | symbol'.
src/routines/domain/routine-exercise.entity.ts(42,4): error TS1240: Unable to resolve signature of property decorator when called as an expression.
  Argument of type 'ClassFieldDecoratorContext<RoutineExercise, ExerciseCatalog> & { name: "exercise"; private: false; static: false; }' is not assignable to parameter of type 'string | symbol'.
src/routines/domain/routine.entity.ts(10,4): error TS1240: Unable to resolve signature of property decorator when called as an expression.
  Argument of type 'ClassFieldDecoratorContext<Routine, number> & { name: "id"; private: false; static: false; }' is not assignable to parameter of type 'string | symbol'.
src/routines/domain/routine.entity.ts(13,4): error TS1240: Unable to resolve signature of property decorator when called as an expression.
  Argument of type 'ClassFieldDecoratorContext<Routine, string> & { name: "name"; private: false; static: false; }' is not assignable to parameter of type 'string | symbol'.
src/routines/domain/routine.entity.ts(16,4): error TS1240: Unable to resolve signature of property decorator when called as an expression.
  Argument of type 'ClassFieldDecoratorContext<Routine, string> & { name: "description"; private: false; static: false; }' is not assignable to parameter of type 'string | symbol'.
src/routines/domain/routine.entity.ts(19,4): error TS1240: Unable to resolve signature of property decorator when called as an expression.
  Argument of type 'ClassFieldDecoratorContext<Routine, number> & { name: "trainerId"; private: false; static: false; }' is not assignable to parameter of type 'string | symbol'.
src/routines/domain/routine.entity.ts(22,4): error TS1240: Unable to resolve signature of property decorator when called as an expression.
  Argument of type 'ClassFieldDecoratorContext<Routine, number> & { name: "assignedUserId"; private: false; static: false; }' is not assignable to parameter of type 'string | symbol'.
src/routines/domain/routine.entity.ts(25,4): error TS1240: Unable to resolve signature of property decorator when called as an expression.
  Argument of type 'ClassFieldDecoratorContext<Routine, number> & { name: "gymId"; private: false; static: false; }' is not assignable to parameter of type 'string | symbol'.
src/routines/domain/routine.entity.ts(28,4): error TS1240: Unable to resolve signature of property decorator when called as an expression.
  Argument of type 'ClassFieldDecoratorContext<Routine, string> & { name: "difficultyLevel"; private: false; static: false; }' is not assignable to parameter of type 'string | symbol'.
src/routines/domain/routine.entity.ts(31,4): error TS1240: Unable to resolve signature of property decorator when called as an expression.
  Argument of type 'ClassFieldDecoratorContext<Routine, number> & { name: "durationWeeks"; private: false; static: false; }' is not assignable to parameter of type 'string | symbol'.
src/routines/domain/routine.entity.ts(34,4): error TS1240: Unable to resolve signature of property decorator when called as an expression.
  Argument of type 'ClassFieldDecoratorContext<Routine, boolean> & { name: "isTemplate"; private: false; static: false; }' is not assignable to parameter of type 'string | symbol'.
src/routines/domain/routine.entity.ts(37,4): error TS1240: Unable to resolve signature of property decorator when called as an expression.
  Argument of type 'ClassFieldDecoratorContext<Routine, boolean> & { name: "isActive"; private: false; static: false; }' is not assignable to parameter of type 'string | symbol'.
src/routines/domain/routine.entity.ts(40,4): error TS1240: Unable to resolve signature of property decorator when called as an expression.
  Argument of type 'ClassFieldDecoratorContext<Routine, Date> & { name: "createdAt"; private: false; static: false; }' is not assignable to parameter of type 'string | symbol'.
src/routines/domain/routine.entity.ts(43,4): error TS1240: Unable to resolve signature of property decorator when called as an expression.
  Argument of type 'ClassFieldDecoratorContext<Routine, Date> & { name: "updatedAt"; private: false; static: false; }' is not assignable to parameter of type 'string | symbol'.
src/routines/domain/routine.entity.ts(47,4): error TS1240: Unable to resolve signature of property decorator when called as an expression.
  Argument of type 'ClassFieldDecoratorContext<Routine, User> & { name: "trainer"; private: false; static: false; }' is not assignable to parameter of type 'string | symbol'.
src/routines/domain/routine.entity.ts(48,4): error TS1240: Unable to resolve signature of property decorator when called as an expression.
  Argument of type 'ClassFieldDecoratorContext<Routine, User> & { name: "trainer"; private: false; static: false; }' is not assignable to parameter of type 'string | symbol'.
src/routines/domain/routine.entity.ts(51,4): error TS1240: Unable to resolve signature of property decorator when called as an expression.
  Argument of type 'ClassFieldDecoratorContext<Routine, User> & { name: "assignedUser"; private: false; static: false; }' is not assignable to parameter of type 'string | symbol'.
src/routines/domain/routine.entity.ts(52,4): error TS1240: Unable to resolve signature of property decorator when called as an expression.
  Argument of type 'ClassFieldDecoratorContext<Routine, User> & { name: "assignedUser"; private: false; static: false; }' is not assignable to parameter of type 'string | symbol'.
src/routines/domain/routine.entity.ts(55,4): error TS1240: Unable to resolve signature of property decorator when called as an expression.
  Argument of type 'ClassFieldDecoratorContext<Routine, Gym> & { name: "gym"; private: false; static: false; }' is not assignable to parameter of type 'string | symbol'.
src/routines/domain/routine.entity.ts(56,4): error TS1240: Unable to resolve signature of property decorator when called as an expression.
  Argument of type 'ClassFieldDecoratorContext<Routine, Gym> & { name: "gym"; private: false; static: false; }' is not assignable to parameter of type 'string | symbol'.
src/routines/domain/routine.entity.ts(59,4): error TS1240: Unable to resolve signature of property decorator when called as an expression.
  Argument of type 'ClassFieldDecoratorContext<Routine, RoutineExercise[]> & { name: "exercises"; private: false; static: false; }' is not assignable to parameter of type 'string | symbol'.
src/subscriptions/domain/subscription-plan.entity.ts(5,4): error TS1240: Unable to resolve signature of property decorator when called as an expression.
  Argument of type 'ClassFieldDecoratorContext<SubscriptionPlan, number> & { name: "id"; private: false; static: false; }' is not assignable to parameter of type 'string | symbol'.
src/subscriptions/domain/subscription-plan.entity.ts(8,4): error TS1240: Unable to resolve signature of property decorator when called as an expression.
  Argument of type 'ClassFieldDecoratorContext<SubscriptionPlan, string> & { name: "name"; private: false; static: false; }' is not assignable to parameter of type 'string | symbol'.
src/subscriptions/domain/subscription-plan.entity.ts(11,4): error TS1240: Unable to resolve signature of property decorator when called as an expression.
  Argument of type 'ClassFieldDecoratorContext<SubscriptionPlan, string> & { name: "description"; private: false; static: false; }' is not assignable to parameter of type 'string | symbol'.
src/subscriptions/domain/subscription-plan.entity.ts(14,4): error TS1240: Unable to resolve signature of property decorator when called as an expression.
  Argument of type 'ClassFieldDecoratorContext<SubscriptionPlan, number> & { name: "priceMonthly"; private: false; static: false; }' is not assignable to parameter of type 'string | symbol'.
src/subscriptions/domain/subscription-plan.entity.ts(17,4): error TS1240: Unable to resolve signature of property decorator when called as an expression.
  Argument of type 'ClassFieldDecoratorContext<SubscriptionPlan, number> & { name: "maxGymsAccess"; private: false; static: false; }' is not assignable to parameter of type 'string | symbol'.
src/subscriptions/domain/subscription-plan.entity.ts(20,4): error TS1240: Unable to resolve signature of property decorator when called as an expression.
  Argument of type 'ClassFieldDecoratorContext<SubscriptionPlan, any> & { name: "features"; private: false; static: false; }' is not assignable to parameter of type 'string | symbol'.
src/subscriptions/domain/user-subscription.entity.ts(10,4): error TS1240: Unable to resolve signature of property decorator when called as an expression.
  Argument of type 'ClassFieldDecoratorContext<UserSubscription, number> & { name: "id"; private: false; static: false; }' is not assignable to parameter of type 'string | symbol'.
src/subscriptions/domain/user-subscription.entity.ts(13,4): error TS1240: Unable to resolve signature of property decorator when called as an expression.
  Argument of type 'ClassFieldDecoratorContext<UserSubscription, number> & { name: "userId"; private: false; static: false; }' is not assignable to parameter of type 'string | symbol'.
src/subscriptions/domain/user-subscription.entity.ts(16,4): error TS1240: Unable to resolve signature of property decorator when called as an expression.
  Argument of type 'ClassFieldDecoratorContext<UserSubscription, number> & { name: "planId"; private: false; static: false; }' is not assignable to parameter of type 'string | symbol'.
src/subscriptions/domain/user-subscription.entity.ts(19,4): error TS1240: Unable to resolve signature of property decorator when called as an expression.
  Argument of type 'ClassFieldDecoratorContext<UserSubscription, number> & { name: "homeGymId"; private: false; static: false; }' is not assignable to parameter of type 'string | symbol'.
src/subscriptions/domain/user-subscription.entity.ts(22,4): error TS1240: Unable to resolve signature of property decorator when called as an expression.
  Argument of type 'ClassFieldDecoratorContext<UserSubscription, string> & { name: "status"; private: false; static: false; }' is not assignable to parameter of type 'string | symbol'.
src/subscriptions/domain/user-subscription.entity.ts(25,4): error TS1240: Unable to resolve signature of property decorator when called as an expression.
  Argument of type 'ClassFieldDecoratorContext<UserSubscription, Date> & { name: "startDate"; private: false; static: false; }' is not assignable to parameter of type 'string | symbol'.
src/subscriptions/domain/user-subscription.entity.ts(28,4): error TS1240: Unable to resolve signature of property decorator when called as an expression.
  Argument of type 'ClassFieldDecoratorContext<UserSubscription, Date> & { name: "endDate"; private: false; static: false; }' is not assignable to parameter of type 'string | symbol'.
src/subscriptions/domain/user-subscription.entity.ts(31,4): error TS1240: Unable to resolve signature of property decorator when called as an expression.
  Argument of type 'ClassFieldDecoratorContext<UserSubscription, boolean> & { name: "autoRenew"; private: false; static: false; }' is not assignable to parameter of type 'string | symbol'.
src/subscriptions/domain/user-subscription.entity.ts(34,4): error TS1240: Unable to resolve signature of property decorator when called as an expression.
  Argument of type 'ClassFieldDecoratorContext<UserSubscription, Date> & { name: "createdAt"; private: false; static: false; }' is not assignable to parameter of type 'string | symbol'.
src/subscriptions/domain/user-subscription.entity.ts(37,4): error TS1240: Unable to resolve signature of property decorator when called as an expression.
  Argument of type 'ClassFieldDecoratorContext<UserSubscription, Date> & { name: "updatedAt"; private: false; static: false; }' is not assignable to parameter of type 'string | symbol'.
src/subscriptions/domain/user-subscription.entity.ts(41,4): error TS1240: Unable to resolve signature of property decorator when called as an expression.
  Argument of type 'ClassFieldDecoratorContext<UserSubscription, User> & { name: "user"; private: false; static: false; }' is not assignable to parameter of type 'string | symbol'.
src/subscriptions/domain/user-subscription.entity.ts(42,4): error TS1240: Unable to resolve signature of property decorator when called as an expression.
  Argument of type 'ClassFieldDecoratorContext<UserSubscription, User> & { name: "user"; private: false; static: false; }' is not assignable to parameter of type 'string | symbol'.
src/subscriptions/domain/user-subscription.entity.ts(45,4): error TS1240: Unable to resolve signature of property decorator when called as an expression.
  Argument of type 'ClassFieldDecoratorContext<UserSubscription, SubscriptionPlan> & { name: "plan"; private: false; static: false; }' is not assignable to parameter of type 'string | symbol'.
src/subscriptions/domain/user-subscription.entity.ts(46,4): error TS1240: Unable to resolve signature of property decorator when called as an expression.
  Argument of type 'ClassFieldDecoratorContext<UserSubscription, SubscriptionPlan> & { name: "plan"; private: false; static: false; }' is not assignable to parameter of type 'string | symbol'.
src/subscriptions/domain/user-subscription.entity.ts(49,4): error TS1240: Unable to resolve signature of property decorator when called as an expression.
  Argument of type 'ClassFieldDecoratorContext<UserSubscription, Gym> & { name: "homeGym"; private: false; static: false; }' is not assignable to parameter of type 'string | symbol'.
src/subscriptions/domain/user-subscription.entity.ts(50,4): error TS1240: Unable to resolve signature of property decorator when called as an expression.
  Argument of type 'ClassFieldDecoratorContext<UserSubscription, Gym> & { name: "homeGym"; private: false; static: false; }' is not assignable to parameter of type 'string | symbol'.
src/system/domain/system-setting.entity.ts(8,4): error TS1240: Unable to resolve signature of property decorator when called as an expression.
  Argument of type 'ClassFieldDecoratorContext<SystemSetting, number> & { name: "id"; private: false; static: false; }' is not assignable to parameter of type 'string | symbol'.
src/system/domain/system-setting.entity.ts(11,4): error TS1240: Unable to resolve signature of property decorator when called as an expression.
  Argument of type 'ClassFieldDecoratorContext<SystemSetting, string> & { name: "settingKey"; private: false; static: false; }' is not assignable to parameter of type 'string | symbol'.
src/system/domain/system-setting.entity.ts(14,4): error TS1240: Unable to resolve signature of property decorator when called as an expression.
  Argument of type 'ClassFieldDecoratorContext<SystemSetting, any> & { name: "settingValue"; private: false; static: false; }' is not assignable to parameter of type 'string | symbol'.
src/system/domain/system-setting.entity.ts(17,4): error TS1240: Unable to resolve signature of property decorator when called as an expression.
  Argument of type 'ClassFieldDecoratorContext<SystemSetting, string> & { name: "description"; private: false; static: false; }' is not assignable to parameter of type 'string | symbol'.
src/system/domain/system-setting.entity.ts(20,4): error TS1240: Unable to resolve signature of property decorator when called as an expression.
  Argument of type 'ClassFieldDecoratorContext<SystemSetting, Date> & { name: "updatedAt"; private: false; static: false; }' is not assignable to parameter of type 'string | symbol'.
src/system/domain/system-setting.entity.ts(23,4): error TS1240: Unable to resolve signature of property decorator when called as an expression.
  Argument of type 'ClassFieldDecoratorContext<SystemSetting, number> & { name: "updatedBy"; private: false; static: false; }' is not assignable to parameter of type 'string | symbol'.
src/system/domain/system-setting.entity.ts(27,4): error TS1240: Unable to resolve signature of property decorator when called as an expression.
  Argument of type 'ClassFieldDecoratorContext<SystemSetting, User> & { name: "updatedByUser"; private: false; static: false; }' is not assignable to parameter of type 'string | symbol'.
src/system/domain/system-setting.entity.ts(28,4): error TS1240: Unable to resolve signature of property decorator when called as an expression.
  Argument of type 'ClassFieldDecoratorContext<SystemSetting, User> & { name: "updatedByUser"; private: false; static: false; }' is not assignable to parameter of type 'string | symbol'.
src/training/domain/emergency-contact.entity.ts(8,4): error TS1240: Unable to resolve signature of property decorator when called as an expression.
  Argument of type 'ClassFieldDecoratorContext<EmergencyContact, number> & { name: "id"; private: false; static: false; }' is not assignable to parameter of type 'string | symbol'.
src/training/domain/emergency-contact.entity.ts(11,4): error TS1240: Unable to resolve signature of property decorator when called as an expression.
  Argument of type 'ClassFieldDecoratorContext<EmergencyContact, number> & { name: "userId"; private: false; static: false; }' is not assignable to parameter of type 'string | symbol'.
src/training/domain/emergency-contact.entity.ts(14,4): error TS1240: Unable to resolve signature of property decorator when called as an expression.
  Argument of type 'ClassFieldDecoratorContext<EmergencyContact, string> & { name: "fullName"; private: false; static: false; }' is not assignable to parameter of type 'string | symbol'.
src/training/domain/emergency-contact.entity.ts(17,4): error TS1240: Unable to resolve signature of property decorator when called as an expression.
  Argument of type 'ClassFieldDecoratorContext<EmergencyContact, string> & { name: "phone"; private: false; static: false; }' is not assignable to parameter of type 'string | symbol'.
src/training/domain/emergency-contact.entity.ts(20,4): error TS1240: Unable to resolve signature of property decorator when called as an expression.
  Argument of type 'ClassFieldDecoratorContext<EmergencyContact, string> & { name: "relation"; private: false; static: false; }' is not assignable to parameter of type 'string | symbol'.
src/training/domain/emergency-contact.entity.ts(23,4): error TS1240: Unable to resolve signature of property decorator when called as an expression.
  Argument of type 'ClassFieldDecoratorContext<EmergencyContact, boolean> & { name: "isPrimary"; private: false; static: false; }' is not assignable to parameter of type 'string | symbol'.
src/training/domain/emergency-contact.entity.ts(27,4): error TS1240: Unable to resolve signature of property decorator when called as an expression.
  Argument of type 'ClassFieldDecoratorContext<EmergencyContact, User> & { name: "user"; private: false; static: false; }' is not assignable to parameter of type 'string | symbol'.
src/training/domain/emergency-contact.entity.ts(28,4): error TS1240: Unable to resolve signature of property decorator when called as an expression.
  Argument of type 'ClassFieldDecoratorContext<EmergencyContact, User> & { name: "user"; private: false; static: false; }' is not assignable to parameter of type 'string | symbol'.
src/training/domain/user-training-goals.entity.ts(8,4): error TS1240: Unable to resolve signature of property decorator when called as an expression.
  Argument of type 'ClassFieldDecoratorContext<UserTrainingGoals, number> & { name: "id"; private: false; static: false; }' is not assignable to parameter of type 'string | symbol'.
src/training/domain/user-training-goals.entity.ts(11,4): error TS1240: Unable to resolve signature of property decorator when called as an expression.
  Argument of type 'ClassFieldDecoratorContext<UserTrainingGoals, number> & { name: "userTrainingId"; private: false; static: false; }' is not assignable to parameter of type 'string | symbol'.
src/training/domain/user-training-goals.entity.ts(14,4): error TS1240: Unable to resolve signature of property decorator when called as an expression.
  Argument of type 'ClassFieldDecoratorContext<UserTrainingGoals, string> & { name: "primaryGoal"; private: false; static: false; }' is not assignable to parameter of type 'string | symbol'.
src/training/domain/user-training-goals.entity.ts(17,4): error TS1240: Unable to resolve signature of property decorator when called as an expression.
  Argument of type 'ClassFieldDecoratorContext<UserTrainingGoals, string> & { name: "experienceLevel"; private: false; static: false; }' is not assignable to parameter of type 'string | symbol'.
src/training/domain/user-training-goals.entity.ts(21,4): error TS1240: Unable to resolve signature of property decorator when called as an expression.
  Argument of type 'ClassFieldDecoratorContext<UserTrainingGoals, UserTraining> & { name: "userTraining"; private: false; static: false; }' is not assignable to parameter of type 'string | symbol'.
src/training/domain/user-training-goals.entity.ts(22,4): error TS1240: Unable to resolve signature of property decorator when called as an expression.
  Argument of type 'ClassFieldDecoratorContext<UserTrainingGoals, UserTraining> & { name: "userTraining"; private: false; static: false; }' is not assignable to parameter of type 'string | symbol'.
src/training/domain/user-training-preferences.entity.ts(8,4): error TS1240: Unable to resolve signature of property decorator when called as an expression.
  Argument of type 'ClassFieldDecoratorContext<UserTrainingPreferences, number> & { name: "id"; private: false; static: false; }' is not assignable to parameter of type 'string | symbol'.
src/training/domain/user-training-preferences.entity.ts(11,4): error TS1240: Unable to resolve signature of property decorator when called as an expression.
  Argument of type 'ClassFieldDecoratorContext<UserTrainingPreferences, number> & { name: "userTrainingId"; private: false; static: false; }' is not assignable to parameter of type 'string | symbol'.
src/training/domain/user-training-preferences.entity.ts(14,4): error TS1240: Unable to resolve signature of property decorator when called as an expression.
  Argument of type 'ClassFieldDecoratorContext<UserTrainingPreferences, string[]> & { name: "preferredTrainingTypes"; private: false; static: false; }' is not assignable to parameter of type 'string | symbol'.
src/training/domain/user-training-preferences.entity.ts(17,4): error TS1240: Unable to resolve signature of property decorator when called as an expression.
  Argument of type 'ClassFieldDecoratorContext<UserTrainingPreferences, string[]> & { name: "priorityBodyAreas"; private: false; static: false; }' is not assignable to parameter of type 'string | symbol'.
src/training/domain/user-training-preferences.entity.ts(20,4): error TS1240: Unable to resolve signature of property decorator when called as an expression.
  Argument of type 'ClassFieldDecoratorContext<UserTrainingPreferences, number> & { name: "availableDaysPerWeek"; private: false; static: false; }' is not assignable to parameter of type 'string | symbol'.
src/training/domain/user-training-preferences.entity.ts(24,4): error TS1240: Unable to resolve signature of property decorator when called as an expression.
  Argument of type 'ClassFieldDecoratorContext<UserTrainingPreferences, UserTraining> & { name: "userTraining"; private: false; static: false; }' is not assignable to parameter of type 'string | symbol'.
src/training/domain/user-training-preferences.entity.ts(25,4): error TS1240: Unable to resolve signature of property decorator when called as an expression.
  Argument of type 'ClassFieldDecoratorContext<UserTrainingPreferences, UserTraining> & { name: "userTraining"; private: false; static: false; }' is not assignable to parameter of type 'string | symbol'.
src/training/domain/user-training.entity.ts(10,4): error TS1240: Unable to resolve signature of property decorator when called as an expression.
  Argument of type 'ClassFieldDecoratorContext<UserTraining, number> & { name: "id"; private: false; static: false; }' is not assignable to parameter of type 'string | symbol'.
src/training/domain/user-training.entity.ts(13,4): error TS1240: Unable to resolve signature of property decorator when called as an expression.
  Argument of type 'ClassFieldDecoratorContext<UserTraining, number> & { name: "userId"; private: false; static: false; }' is not assignable to parameter of type 'string | symbol'.
src/training/domain/user-training.entity.ts(16,4): error TS1240: Unable to resolve signature of property decorator when called as an expression.
  Argument of type 'ClassFieldDecoratorContext<UserTraining, Date> & { name: "createdAt"; private: false; static: false; }' is not assignable to parameter of type 'string | symbol'.
src/training/domain/user-training.entity.ts(20,4): error TS1240: Unable to resolve signature of property decorator when called as an expression.
  Argument of type 'ClassFieldDecoratorContext<UserTraining, User> & { name: "user"; private: false; static: false; }' is not assignable to parameter of type 'string | symbol'.
src/training/domain/user-training.entity.ts(21,4): error TS1240: Unable to resolve signature of property decorator when called as an expression.
  Argument of type 'ClassFieldDecoratorContext<UserTraining, User> & { name: "user"; private: false; static: false; }' is not assignable to parameter of type 'string | symbol'.
src/training/domain/user-training.entity.ts(24,4): error TS1240: Unable to resolve signature of property decorator when called as an expression.
  Argument of type 'ClassFieldDecoratorContext<UserTraining, UserTrainingGoals> & { name: "goals"; private: false; static: false; }' is not assignable to parameter of type 'string | symbol'.
src/training/domain/user-training.entity.ts(27,4): error TS1240: Unable to resolve signature of property decorator when called as an expression.
  Argument of type 'ClassFieldDecoratorContext<UserTraining, UserTrainingPreferences> & { name: "preferences"; private: false; static: false; }' is not assignable to parameter of type 'string | symbol'.
src/training/domain/workout-session.entity.ts(11,4): error TS1240: Unable to resolve signature of property decorator when called as an expression.
  Argument of type 'ClassFieldDecoratorContext<WorkoutSession, number> & { name: "id"; private: false; static: false; }' is not assignable to parameter of type 'string | symbol'.
src/training/domain/workout-session.entity.ts(14,4): error TS1240: Unable to resolve signature of property decorator when called as an expression.
  Argument of type 'ClassFieldDecoratorContext<WorkoutSession, number> & { name: "routineId"; private: false; static: false; }' is not assignable to parameter of type 'string | symbol'.
src/training/domain/workout-session.entity.ts(17,4): error TS1240: Unable to resolve signature of property decorator when called as an expression.
  Argument of type 'ClassFieldDecoratorContext<WorkoutSession, number> & { name: "userId"; private: false; static: false; }' is not assignable to parameter of type 'string | symbol'.
src/training/domain/workout-session.entity.ts(20,4): error TS1240: Unable to resolve signature of property decorator when called as an expression.
  Argument of type 'ClassFieldDecoratorContext<WorkoutSession, number> & { name: "gymId"; private: false; static: false; }' is not assignable to parameter of type 'string | symbol'.
src/training/domain/workout-session.entity.ts(23,4): error TS1240: Unable to resolve signature of property decorator when called as an expression.
  Argument of type 'ClassFieldDecoratorContext<WorkoutSession, Date> & { name: "startedAt"; private: false; static: false; }' is not assignable to parameter of type 'string | symbol'.
src/training/domain/workout-session.entity.ts(26,4): error TS1240: Unable to resolve signature of property decorator when called as an expression.
  Argument of type 'ClassFieldDecoratorContext<WorkoutSession, Date> & { name: "finishedAt"; private: false; static: false; }' is not assignable to parameter of type 'string | symbol'.
src/training/domain/workout-session.entity.ts(29,4): error TS1240: Unable to resolve signature of property decorator when called as an expression.
  Argument of type 'ClassFieldDecoratorContext<WorkoutSession, string> & { name: "status"; private: false; static: false; }' is not assignable to parameter of type 'string | symbol'.
src/training/domain/workout-session.entity.ts(32,4): error TS1240: Unable to resolve signature of property decorator when called as an expression.
  Argument of type 'ClassFieldDecoratorContext<WorkoutSession, number> & { name: "totalDurationMinutes"; private: false; static: false; }' is not assignable to parameter of type 'string | symbol'.
src/training/domain/workout-session.entity.ts(35,4): error TS1240: Unable to resolve signature of property decorator when called as an expression.
  Argument of type 'ClassFieldDecoratorContext<WorkoutSession, string> & { name: "notes"; private: false; static: false; }' is not assignable to parameter of type 'string | symbol'.
src/training/domain/workout-session.entity.ts(39,4): error TS1240: Unable to resolve signature of property decorator when called as an expression.
  Argument of type 'ClassFieldDecoratorContext<WorkoutSession, Routine> & { name: "routine"; private: false; static: false; }' is not assignable to parameter of type 'string | symbol'.
src/training/domain/workout-session.entity.ts(40,4): error TS1240: Unable to resolve signature of property decorator when called as an expression.
  Argument of type 'ClassFieldDecoratorContext<WorkoutSession, Routine> & { name: "routine"; private: false; static: false; }' is not assignable to parameter of type 'string | symbol'.
src/training/domain/workout-session.entity.ts(43,4): error TS1240: Unable to resolve signature of property decorator when called as an expression.
  Argument of type 'ClassFieldDecoratorContext<WorkoutSession, User> & { name: "user"; private: false; static: false; }' is not assignable to parameter of type 'string | symbol'.
src/training/domain/workout-session.entity.ts(44,4): error TS1240: Unable to resolve signature of property decorator when called as an expression.
  Argument of type 'ClassFieldDecoratorContext<WorkoutSession, User> & { name: "user"; private: false; static: false; }' is not assignable to parameter of type 'string | symbol'.
src/training/domain/workout-session.entity.ts(47,4): error TS1240: Unable to resolve signature of property decorator when called as an expression.
  Argument of type 'ClassFieldDecoratorContext<WorkoutSession, Gym> & { name: "gym"; private: false; static: false; }' is not assignable to parameter of type 'string | symbol'.
src/training/domain/workout-session.entity.ts(48,4): error TS1240: Unable to resolve signature of property decorator when called as an expression.
  Argument of type 'ClassFieldDecoratorContext<WorkoutSession, Gym> & { name: "gym"; private: false; static: false; }' is not assignable to parameter of type 'string | symbol'.
src/training/domain/workout-session.entity.ts(51,4): error TS1240: Unable to resolve signature of property decorator when called as an expression.
  Argument of type 'ClassFieldDecoratorContext<WorkoutSession, WorkoutSet[]> & { name: "sets"; private: false; static: false; }' is not assignable to parameter of type 'string | symbol'.
src/training/domain/workout-set.entity.ts(9,4): error TS1240: Unable to resolve signature of property decorator when called as an expression.
  Argument of type 'ClassFieldDecoratorContext<WorkoutSet, number> & { name: "id"; private: false; static: false; }' is not assignable to parameter of type 'string | symbol'.
src/training/domain/workout-set.entity.ts(12,4): error TS1240: Unable to resolve signature of property decorator when called as an expression.
  Argument of type 'ClassFieldDecoratorContext<WorkoutSet, number> & { name: "sessionId"; private: false; static: false; }' is not assignable to parameter of type 'string | symbol'.
src/training/domain/workout-set.entity.ts(15,4): error TS1240: Unable to resolve signature of property decorator when called as an expression.
  Argument of type 'ClassFieldDecoratorContext<WorkoutSet, number> & { name: "routineExerciseId"; private: false; static: false; }' is not assignable to parameter of type 'string | symbol'.
src/training/domain/workout-set.entity.ts(18,4): error TS1240: Unable to resolve signature of property decorator when called as an expression.
  Argument of type 'ClassFieldDecoratorContext<WorkoutSet, number> & { name: "setNumber"; private: false; static: false; }' is not assignable to parameter of type 'string | symbol'.
src/training/domain/workout-set.entity.ts(21,4): error TS1240: Unable to resolve signature of property decorator when called as an expression.
  Argument of type 'ClassFieldDecoratorContext<WorkoutSet, number> & { name: "repsCompleted"; private: false; static: false; }' is not assignable to parameter of type 'string | symbol'.
src/training/domain/workout-set.entity.ts(24,4): error TS1240: Unable to resolve signature of property decorator when called as an expression.
  Argument of type 'ClassFieldDecoratorContext<WorkoutSet, number> & { name: "weightUsedKg"; private: false; static: false; }' is not assignable to parameter of type 'string | symbol'.
src/training/domain/workout-set.entity.ts(27,4): error TS1240: Unable to resolve signature of property decorator when called as an expression.
  Argument of type 'ClassFieldDecoratorContext<WorkoutSet, number> & { name: "restTakenSeconds"; private: false; static: false; }' is not assignable to parameter of type 'string | symbol'.
src/training/domain/workout-set.entity.ts(30,4): error TS1240: Unable to resolve signature of property decorator when called as an expression.
  Argument of type 'ClassFieldDecoratorContext<WorkoutSet, Date> & { name: "completedAt"; private: false; static: false; }' is not assignable to parameter of type 'string | symbol'.
src/training/domain/workout-set.entity.ts(33,4): error TS1240: Unable to resolve signature of property decorator when called as an expression.
  Argument of type 'ClassFieldDecoratorContext<WorkoutSet, number> & { name: "ratingPerceivedExertion"; private: false; static: false; }' is not assignable to parameter of type 'string | symbol'.
src/training/domain/workout-set.entity.ts(37,4): error TS1240: Unable to resolve signature of property decorator when called as an expression.
  Argument of type 'ClassFieldDecoratorContext<WorkoutSet, WorkoutSession> & { name: "session"; private: false; static: false; }' is not assignable to parameter of type 'string | symbol'.
src/training/domain/workout-set.entity.ts(38,4): error TS1240: Unable to resolve signature of property decorator when called as an expression.
  Argument of type 'ClassFieldDecoratorContext<WorkoutSet, WorkoutSession> & { name: "session"; private: false; static: false; }' is not assignable to parameter of type 'string | symbol'.
src/training/domain/workout-set.entity.ts(41,4): error TS1240: Unable to resolve signature of property decorator when called as an expression.
  Argument of type 'ClassFieldDecoratorContext<WorkoutSet, RoutineExercise> & { name: "routineExercise"; private: false; static: false; }' is not assignable to parameter of type 'string | symbol'.
src/training/domain/workout-set.entity.ts(42,4): error TS1240: Unable to resolve signature of property decorator when called as an expression.
  Argument of type 'ClassFieldDecoratorContext<WorkoutSet, RoutineExercise> & { name: "routineExercise"; private: false; static: false; }' is not assignable to parameter of type 'string | symbol'.
src/users/domain/user-profile.entity.ts(8,4): error TS1240: Unable to resolve signature of property decorator when called as an expression.
  Argument of type 'ClassFieldDecoratorContext<UserProfile, number> & { name: "id"; private: false; static: false; }' is not assignable to parameter of type 'string | symbol'.
src/users/domain/user-profile.entity.ts(11,4): error TS1240: Unable to resolve signature of property decorator when called as an expression.
  Argument of type 'ClassFieldDecoratorContext<UserProfile, number> & { name: "userId"; private: false; static: false; }' is not assignable to parameter of type 'string | symbol'.
src/users/domain/user-profile.entity.ts(14,4): error TS1240: Unable to resolve signature of property decorator when called as an expression.
  Argument of type 'ClassFieldDecoratorContext<UserProfile, string> & { name: "firstName"; private: false; static: false; }' is not assignable to parameter of type 'string | symbol'.
src/users/domain/user-profile.entity.ts(17,4): error TS1240: Unable to resolve signature of property decorator when called as an expression.
  Argument of type 'ClassFieldDecoratorContext<UserProfile, string> & { name: "lastName"; private: false; static: false; }' is not assignable to parameter of type 'string | symbol'.
src/users/domain/user-profile.entity.ts(20,4): error TS1240: Unable to resolve signature of property decorator when called as an expression.
  Argument of type 'ClassFieldDecoratorContext<UserProfile, string> & { name: "phone"; private: false; static: false; }' is not assignable to parameter of type 'string | symbol'.
src/users/domain/user-profile.entity.ts(23,4): error TS1240: Unable to resolve signature of property decorator when called as an expression.
  Argument of type 'ClassFieldDecoratorContext<UserProfile, Date> & { name: "dateOfBirth"; private: false; static: false; }' is not assignable to parameter of type 'string | symbol'.
src/users/domain/user-profile.entity.ts(26,4): error TS1240: Unable to resolve signature of property decorator when called as an expression.
  Argument of type 'ClassFieldDecoratorContext<UserProfile, string> & { name: "gender"; private: false; static: false; }' is not assignable to parameter of type 'string | symbol'.
src/users/domain/user-profile.entity.ts(30,4): error TS1240: Unable to resolve signature of property decorator when called as an expression.
  Argument of type 'ClassFieldDecoratorContext<UserProfile, User> & { name: "user"; private: false; static: false; }' is not assignable to parameter of type 'string | symbol'.
src/users/domain/user-profile.entity.ts(31,4): error TS1240: Unable to resolve signature of property decorator when called as an expression.
  Argument of type 'ClassFieldDecoratorContext<UserProfile, User> & { name: "user"; private: false; static: false; }' is not assignable to parameter of type 'string | symbol'.
src/users/domain/user.entity.ts(10,4): error TS1240: Unable to resolve signature of property decorator when called as an expression.
  Argument of type 'ClassFieldDecoratorContext<User, number> & { name: "id"; private: false; static: false; }' is not assignable to parameter of type 'string | symbol'.
src/users/domain/user.entity.ts(13,4): error TS1240: Unable to resolve signature of property decorator when called as an expression.
  Argument of type 'ClassFieldDecoratorContext<User, string> & { name: "email"; private: false; static: false; }' is not assignable to parameter of type 'string | symbol'.
src/users/domain/user.entity.ts(16,4): error TS1240: Unable to resolve signature of property decorator when called as an expression.
  Argument of type 'ClassFieldDecoratorContext<User, string> & { name: "passwordHash"; private: false; static: false; }' is not assignable to parameter of type 'string | symbol'.
src/users/domain/user.entity.ts(19,4): error TS1240: Unable to resolve signature of property decorator when called as an expression.
  Argument of type 'ClassFieldDecoratorContext<User, boolean> & { name: "isActive"; private: false; static: false; }' is not assignable to parameter of type 'string | symbol'.
src/users/domain/user.entity.ts(22,4): error TS1240: Unable to resolve signature of property decorator when called as an expression.
  Argument of type 'ClassFieldDecoratorContext<User, Date> & { name: "createdAt"; private: false; static: false; }' is not assignable to parameter of type 'string | symbol'.
src/users/domain/user.entity.ts(25,4): error TS1240: Unable to resolve signature of property decorator when called as an expression.
  Argument of type 'ClassFieldDecoratorContext<User, Date> & { name: "updatedAt"; private: false; static: false; }' is not assignable to parameter of type 'string | symbol'.
src/users/domain/user.entity.ts(29,4): error TS1240: Unable to resolve signature of property decorator when called as an expression.
  Argument of type 'ClassFieldDecoratorContext<User, UserProfile> & { name: "profile"; private: false; static: false; }' is not assignable to parameter of type 'string | symbol'.
src/users/domain/user.entity.ts(32,4): error TS1240: Unable to resolve signature of property decorator when called as an expression.
  Argument of type 'ClassFieldDecoratorContext<User, UserRole[]> & { name: "userRoles"; private: false; static: false; }' is not assignable to parameter of type 'string | symbol'.
src/users/domain/user.entity.ts(35,4): error TS1240: Unable to resolve signature of property decorator when called as an expression.
  Argument of type 'ClassFieldDecoratorContext<User, EmergencyContact[]> & { name: "emergencyContacts"; private: false; static: false; }' is not assignable to parameter of type 'string | symbol'.
